

================================================================
== Vivado HLS Report for 'feature'
================================================================
* Date:           Thu Dec 28 16:12:52 2017

* Version:        2015.4 (Build 1412921 on Wed Nov 18 09:58:55 AM 2015)
* Project:        maxi_feature
* Solution:       solution1
* Product family: zynq
* Target device:  xc7z020clg484-1


================================================================
== Performance Estimates
================================================================
+ Timing (ns): 
    * Summary: 
    +--------+-------+----------+------------+
    |  Clock | Target| Estimated| Uncertainty|
    +--------+-------+----------+------------+
    |ap_clk  |  10.00|      8.75|        1.25|
    +--------+-------+----------+------------+

+ Latency (clock cycles): 
    * Summary: 
    +---------+---------+---------+---------+---------+
    |      Latency      |      Interval     | Pipeline|
    |   min   |   max   |   min   |   max   |   Type  |
    +---------+---------+---------+---------+---------+
    |  1387618|  1387618|  1387619|  1387619|   none  |
    +---------+---------+---------+---------+---------+

    + Detail: 
        * Instance: 
        N/A

        * Loop: 
        +-----------------------------------+---------+---------+----------+-----------+-----------+-------+----------+
        |                                   |      Latency      | Iteration|  Initiation Interval  |  Trip |          |
        |             Loop Name             |   min   |   max   |  Latency |  achieved |   target  | Count | Pipelined|
        +-----------------------------------+---------+---------+----------+-----------+-----------+-------+----------+
        |- memcpy.boundingBoxes.bounding    |       40|       40|         2|          1|          1|     40|    yes   |
        |- Loop 2                           |  1382442|  1382442|    460814|          -|          -|      3|    no    |
        | + memcpy..frame_in                |    76808|    76808|        10|          1|          1|  76800|    yes   |
        | + Loop 2.2                        |   384002|   384002|       123|        120|          1|   3200|    yes   |
        |- memcpy.featureh.featureHist.gep  |     5121|     5121|         3|          1|          1|   5120|    yes   |
        +-----------------------------------+---------+---------+----------+-----------+-----------+-------+----------+



================================================================
== Utilization Estimates
================================================================
* Summary: 
+-----------------+---------+-------+--------+-------+
|       Name      | BRAM_18K| DSP48E|   FF   |  LUT  |
+-----------------+---------+-------+--------+-------+
|DSP              |        -|      -|       -|      -|
|Expression       |        -|      -|       0|   2353|
|FIFO             |        -|      -|       -|      -|
|Instance         |        0|      -|     728|   1036|
|Memory           |       74|      -|       0|      0|
|Multiplexer      |        -|      -|       -|   1448|
|Register         |        -|      -|    2460|     19|
+-----------------+---------+-------+--------+-------+
|Total            |       74|      0|    3188|   4856|
+-----------------+---------+-------+--------+-------+
|Available        |      280|    220|  106400|  53200|
+-----------------+---------+-------+--------+-------+
|Utilization (%)  |       26|      0|       2|      9|
+-----------------+---------+-------+--------+-------+

+ Detail: 
    * Instance: 
    +---------------------------------+------------------------------+---------+-------+-----+-----+
    |             Instance            |            Module            | BRAM_18K| DSP48E|  FF | LUT |
    +---------------------------------+------------------------------+---------+-------+-----+-----+
    |feature_AXILiteS_s_axi_U         |feature_AXILiteS_s_axi        |        0|      0|  144|  232|
    |feature_CRTL_BUS_s_axi_U         |feature_CRTL_BUS_s_axi        |        0|      0|   36|   40|
    |feature_M_OFFSET_m_axi_U         |feature_M_OFFSET_m_axi        |        0|      0|  548|  700|
    |feature_mux_10to1_sel32_16_1_U1  |feature_mux_10to1_sel32_16_1  |        0|      0|    0|   64|
    +---------------------------------+------------------------------+---------+-------+-----+-----+
    |Total                            |                              |        0|      0|  728| 1036|
    +---------------------------------+------------------------------+---------+-------+-----+-----+

    * DSP48: 
    N/A

    * Memory: 
    +-----------------+-----------------------+---------+---+----+-------+-----+------+-------------+
    |      Memory     |         Module        | BRAM_18K| FF| LUT| Words | Bits| Banks| W*Bits*Banks|
    +-----------------+-----------------------+---------+---+----+-------+-----+------+-------------+
    |featureHist_0_U  |feature_featureHist_0  |        1|  0|   0|    512|   16|     1|         8192|
    |featureHist_1_U  |feature_featureHist_0  |        1|  0|   0|    512|   16|     1|         8192|
    |featureHist_2_U  |feature_featureHist_0  |        1|  0|   0|    512|   16|     1|         8192|
    |featureHist_3_U  |feature_featureHist_0  |        1|  0|   0|    512|   16|     1|         8192|
    |featureHist_4_U  |feature_featureHist_0  |        1|  0|   0|    512|   16|     1|         8192|
    |featureHist_5_U  |feature_featureHist_0  |        1|  0|   0|    512|   16|     1|         8192|
    |featureHist_6_U  |feature_featureHist_0  |        1|  0|   0|    512|   16|     1|         8192|
    |featureHist_7_U  |feature_featureHist_0  |        1|  0|   0|    512|   16|     1|         8192|
    |featureHist_8_U  |feature_featureHist_0  |        1|  0|   0|    512|   16|     1|         8192|
    |featureHist_9_U  |feature_featureHist_0  |        1|  0|   0|    512|   16|     1|         8192|
    |rgb_U            |feature_rgb            |       64|  0|   0|  76800|    8|     1|       614400|
    +-----------------+-----------------------+---------+---+----+-------+-----+------+-------------+
    |Total            |                       |       74|  0|   0|  81920|  168|    11|       696320|
    +-----------------+-----------------------+---------+---+----+-------+-----+------+-------------+

    * FIFO: 
    N/A

    * Expression: 
    +--------------------------------+----------+-------+---+----+------------+------------+
    |          Variable Name         | Operation| DSP48E| FF| LUT| Bitwidth P0| Bitwidth P1|
    +--------------------------------+----------+-------+---+----+------------+------------+
    |featureHist_0_d0                |     +    |      0|  0|  16|          16|           1|
    |featureHist_1_d0                |     +    |      0|  0|  16|          16|           1|
    |featureHist_2_d0                |     +    |      0|  0|  16|          16|           1|
    |featureHist_3_d0                |     +    |      0|  0|  16|          16|           1|
    |featureHist_4_d0                |     +    |      0|  0|  16|          16|           1|
    |featureHist_5_d0                |     +    |      0|  0|  16|          16|           1|
    |featureHist_6_d0                |     +    |      0|  0|  16|          16|           1|
    |featureHist_7_d0                |     +    |      0|  0|  16|          16|           1|
    |featureHist_8_d0                |     +    |      0|  0|  16|          16|           1|
    |featureHist_9_d0                |     +    |      0|  0|  16|          16|           1|
    |frame_in2_sum_fu_1963_p2        |     +    |      0|  0|  32|          32|          32|
    |frame_in_addr_fu_1939_p2        |     +    |      0|  0|  18|          18|          18|
    |i_s_fu_2072_p2                  |     +    |      0|  0|   7|           7|           1|
    |indvar_flatten_next_fu_2030_p2  |     +    |      0|  0|  12|          12|           1|
    |indvar_next1_fu_6809_p2         |     +    |      0|  0|  13|          13|           1|
    |indvar_next2_fu_1933_p2         |     +    |      0|  0|  17|          17|           1|
    |indvar_next_fu_1689_p2          |     +    |      0|  0|   6|           6|           1|
    |iterator_1_dup_fu_2036_p2       |     +    |      0|  0|  17|          17|          10|
    |j_1_7_fu_2106_p2                |     +    |      0|  0|   9|           9|           4|
    |k_1_fu_1907_p2                  |     +    |      0|  0|   2|           2|           1|
    |next_mul_fu_1895_p2             |     +    |      0|  0|  18|          18|          17|
    |tmp1_fu_2086_p2                 |     +    |      0|  0|   7|           7|           7|
    |tmp_11_2_fu_5843_p2             |     +    |      0|  0|  17|          17|           4|
    |tmp_11_3_fu_6039_p2             |     +    |      0|  0|  17|          17|           4|
    |tmp_11_4_fu_6235_p2             |     +    |      0|  0|  17|          17|           4|
    |tmp_11_5_fu_6431_p2             |     +    |      0|  0|  17|          17|           5|
    |tmp_11_6_fu_6607_p2             |     +    |      0|  0|  17|          17|           5|
    |tmp_11_7_fu_2100_p2             |     +    |      0|  0|  17|          17|           5|
    |tmp_2_19_fu_5627_p2             |     +    |      0|  0|  17|          17|           4|
    |tmp_3_fu_5823_p2                |     +    |      0|  0|  17|          17|           4|
    |tmp_4_22_fu_6019_p2             |     +    |      0|  0|  17|          17|           4|
    |tmp_5_24_fu_6215_p2             |     +    |      0|  0|  17|          17|           5|
    |tmp_6_fu_6411_p2                |     +    |      0|  0|  17|          17|           5|
    |tmp_7_3_fu_5833_p2              |     +    |      0|  0|  17|          17|           4|
    |tmp_7_4_fu_6029_p2              |     +    |      0|  0|  17|          17|           4|
    |tmp_7_5_fu_6225_p2              |     +    |      0|  0|  17|          17|           5|
    |tmp_7_6_fu_6421_p2              |     +    |      0|  0|  17|          17|           5|
    |tmp_7_7_fu_6622_p2              |     +    |      0|  0|  17|          17|           5|
    |tmp_7_fu_6612_p2                |     +    |      0|  0|  17|          17|           5|
    |tmp_8_fu_2095_p2                |     +    |      0|  0|   8|           8|           8|
    |i_mid2_fu_2078_p3               |  Select  |      0|  0|   7|           1|           7|
    |iterator_mid2_29_fu_2064_p3     |  Select  |      0|  0|  17|           1|          17|
    |iterator_mid2_fu_2048_p3        |  Select  |      0|  0|  17|           1|          17|
    |j_mid2_fu_2056_p3               |  Select  |      0|  0|   9|           1|           1|
    |ap_sig_bdd_2774                 |    and   |      0|  0|   1|           1|           1|
    |ap_sig_bdd_2803                 |    and   |      0|  0|   1|           1|           1|
    |ap_sig_bdd_2811                 |    and   |      0|  0|   1|           1|           1|
    |ap_sig_bdd_399                  |    and   |      0|  0|   1|           1|           1|
    |exitcond3_fu_1901_p2            |   icmp   |      0|  0|   1|           2|           2|
    |exitcond4_fu_6803_p2            |   icmp   |      0|  0|   5|          13|          13|
    |exitcond5_fu_1927_p2            |   icmp   |      0|  0|   6|          17|          17|
    |exitcond7_fu_1683_p2            |   icmp   |      0|  0|   3|           6|           6|
    |exitcond_flatten_fu_2024_p2     |   icmp   |      0|  0|   5|          12|          11|
    |exitcond_fu_2042_p2             |   icmp   |      0|  0|   3|           9|           9|
    |tmp_12_fu_2324_p2               |   icmp   |      0|  0|   6|          16|          16|
    |tmp_13_fu_2330_p2               |   icmp   |      0|  0|   6|          16|          16|
    |tmp_15_0_1_fu_2187_p2           |   icmp   |      0|  0|   6|          16|          16|
    |tmp_15_0_2_fu_2193_p2           |   icmp   |      0|  0|   6|          16|          16|
    |tmp_15_0_3_fu_2199_p2           |   icmp   |      0|  0|   6|          16|          16|
    |tmp_15_0_4_fu_2205_p2           |   icmp   |      0|  0|   6|          16|          16|
    |tmp_15_0_5_fu_2211_p2           |   icmp   |      0|  0|   6|          16|          16|
    |tmp_15_0_6_fu_2217_p2           |   icmp   |      0|  0|   6|          16|          16|
    |tmp_15_0_7_fu_2223_p2           |   icmp   |      0|  0|   6|          16|          16|
    |tmp_15_0_8_fu_2229_p2           |   icmp   |      0|  0|   6|          16|          16|
    |tmp_15_0_9_fu_2235_p2           |   icmp   |      0|  0|   6|          16|          16|
    |tmp_19_0_1_fu_2360_p2           |   icmp   |      0|  0|   6|          16|          16|
    |tmp_19_0_2_fu_2396_p2           |   icmp   |      0|  0|   6|          16|          16|
    |tmp_19_0_3_fu_2432_p2           |   icmp   |      0|  0|   6|          16|          16|
    |tmp_19_0_4_fu_2468_p2           |   icmp   |      0|  0|   6|          16|          16|
    |tmp_19_0_5_fu_2504_p2           |   icmp   |      0|  0|   6|          16|          16|
    |tmp_19_0_6_fu_2540_p2           |   icmp   |      0|  0|   6|          16|          16|
    |tmp_19_0_7_fu_2576_p2           |   icmp   |      0|  0|   6|          16|          16|
    |tmp_19_0_8_fu_2612_p2           |   icmp   |      0|  0|   6|          16|          16|
    |tmp_19_0_9_fu_2648_p2           |   icmp   |      0|  0|   6|          16|          16|
    |tmp_19_1_1_fu_2729_p2           |   icmp   |      0|  0|   6|          16|          16|
    |tmp_19_1_2_fu_2765_p2           |   icmp   |      0|  0|   6|          16|          16|
    |tmp_19_1_3_fu_2801_p2           |   icmp   |      0|  0|   6|          16|          16|
    |tmp_19_1_4_fu_2837_p2           |   icmp   |      0|  0|   6|          16|          16|
    |tmp_19_1_5_fu_2873_p2           |   icmp   |      0|  0|   6|          16|          16|
    |tmp_19_1_6_fu_2909_p2           |   icmp   |      0|  0|   6|          16|          16|
    |tmp_19_1_7_fu_2945_p2           |   icmp   |      0|  0|   6|          16|          16|
    |tmp_19_1_8_fu_2981_p2           |   icmp   |      0|  0|   6|          16|          16|
    |tmp_19_1_9_fu_3017_p2           |   icmp   |      0|  0|   6|          16|          16|
    |tmp_19_1_fu_2693_p2             |   icmp   |      0|  0|   6|          16|          16|
    |tmp_19_2_1_fu_3098_p2           |   icmp   |      0|  0|   6|          16|          16|
    |tmp_19_2_2_fu_3134_p2           |   icmp   |      0|  0|   6|          16|          16|
    |tmp_19_2_3_fu_3170_p2           |   icmp   |      0|  0|   6|          16|          16|
    |tmp_19_2_4_fu_3206_p2           |   icmp   |      0|  0|   6|          16|          16|
    |tmp_19_2_5_fu_3242_p2           |   icmp   |      0|  0|   6|          16|          16|
    |tmp_19_2_6_fu_3278_p2           |   icmp   |      0|  0|   6|          16|          16|
    |tmp_19_2_7_fu_3314_p2           |   icmp   |      0|  0|   6|          16|          16|
    |tmp_19_2_8_fu_3350_p2           |   icmp   |      0|  0|   6|          16|          16|
    |tmp_19_2_9_fu_3386_p2           |   icmp   |      0|  0|   6|          16|          16|
    |tmp_19_2_fu_3062_p2             |   icmp   |      0|  0|   6|          16|          16|
    |tmp_19_3_1_fu_3467_p2           |   icmp   |      0|  0|   6|          16|          16|
    |tmp_19_3_2_fu_3503_p2           |   icmp   |      0|  0|   6|          16|          16|
    |tmp_19_3_3_fu_3539_p2           |   icmp   |      0|  0|   6|          16|          16|
    |tmp_19_3_4_fu_3575_p2           |   icmp   |      0|  0|   6|          16|          16|
    |tmp_19_3_5_fu_3611_p2           |   icmp   |      0|  0|   6|          16|          16|
    |tmp_19_3_6_fu_3647_p2           |   icmp   |      0|  0|   6|          16|          16|
    |tmp_19_3_7_fu_3683_p2           |   icmp   |      0|  0|   6|          16|          16|
    |tmp_19_3_8_fu_3719_p2           |   icmp   |      0|  0|   6|          16|          16|
    |tmp_19_3_9_fu_3755_p2           |   icmp   |      0|  0|   6|          16|          16|
    |tmp_19_3_fu_3431_p2             |   icmp   |      0|  0|   6|          16|          16|
    |tmp_19_4_1_fu_3836_p2           |   icmp   |      0|  0|   6|          16|          16|
    |tmp_19_4_2_fu_3872_p2           |   icmp   |      0|  0|   6|          16|          16|
    |tmp_19_4_3_fu_3908_p2           |   icmp   |      0|  0|   6|          16|          16|
    |tmp_19_4_4_fu_3944_p2           |   icmp   |      0|  0|   6|          16|          16|
    |tmp_19_4_5_fu_3980_p2           |   icmp   |      0|  0|   6|          16|          16|
    |tmp_19_4_6_fu_4016_p2           |   icmp   |      0|  0|   6|          16|          16|
    |tmp_19_4_7_fu_4052_p2           |   icmp   |      0|  0|   6|          16|          16|
    |tmp_19_4_8_fu_4088_p2           |   icmp   |      0|  0|   6|          16|          16|
    |tmp_19_4_9_fu_4124_p2           |   icmp   |      0|  0|   6|          16|          16|
    |tmp_19_4_fu_3800_p2             |   icmp   |      0|  0|   6|          16|          16|
    |tmp_19_5_1_fu_4205_p2           |   icmp   |      0|  0|   6|          16|          16|
    |tmp_19_5_2_fu_4241_p2           |   icmp   |      0|  0|   6|          16|          16|
    |tmp_19_5_3_fu_4277_p2           |   icmp   |      0|  0|   6|          16|          16|
    |tmp_19_5_4_fu_4313_p2           |   icmp   |      0|  0|   6|          16|          16|
    |tmp_19_5_5_fu_4349_p2           |   icmp   |      0|  0|   6|          16|          16|
    |tmp_19_5_6_fu_4385_p2           |   icmp   |      0|  0|   6|          16|          16|
    |tmp_19_5_7_fu_4421_p2           |   icmp   |      0|  0|   6|          16|          16|
    |tmp_19_5_8_fu_4457_p2           |   icmp   |      0|  0|   6|          16|          16|
    |tmp_19_5_9_fu_4493_p2           |   icmp   |      0|  0|   6|          16|          16|
    |tmp_19_5_fu_4169_p2             |   icmp   |      0|  0|   6|          16|          16|
    |tmp_19_6_1_fu_4574_p2           |   icmp   |      0|  0|   6|          16|          16|
    |tmp_19_6_2_fu_4610_p2           |   icmp   |      0|  0|   6|          16|          16|
    |tmp_19_6_3_fu_4646_p2           |   icmp   |      0|  0|   6|          16|          16|
    |tmp_19_6_4_fu_4682_p2           |   icmp   |      0|  0|   6|          16|          16|
    |tmp_19_6_5_fu_4718_p2           |   icmp   |      0|  0|   6|          16|          16|
    |tmp_19_6_6_fu_4754_p2           |   icmp   |      0|  0|   6|          16|          16|
    |tmp_19_6_7_fu_4790_p2           |   icmp   |      0|  0|   6|          16|          16|
    |tmp_19_6_8_fu_4826_p2           |   icmp   |      0|  0|   6|          16|          16|
    |tmp_19_6_9_fu_4862_p2           |   icmp   |      0|  0|   6|          16|          16|
    |tmp_19_6_fu_4538_p2             |   icmp   |      0|  0|   6|          16|          16|
    |tmp_19_7_1_fu_4943_p2           |   icmp   |      0|  0|   6|          16|          16|
    |tmp_19_7_2_fu_4979_p2           |   icmp   |      0|  0|   6|          16|          16|
    |tmp_19_7_3_fu_5015_p2           |   icmp   |      0|  0|   6|          16|          16|
    |tmp_19_7_4_fu_5051_p2           |   icmp   |      0|  0|   6|          16|          16|
    |tmp_19_7_5_fu_5087_p2           |   icmp   |      0|  0|   6|          16|          16|
    |tmp_19_7_6_fu_5123_p2           |   icmp   |      0|  0|   6|          16|          16|
    |tmp_19_7_7_fu_5159_p2           |   icmp   |      0|  0|   6|          16|          16|
    |tmp_19_7_8_fu_5195_p2           |   icmp   |      0|  0|   6|          16|          16|
    |tmp_19_7_9_fu_5231_p2           |   icmp   |      0|  0|   6|          16|          16|
    |tmp_19_7_fu_4907_p2             |   icmp   |      0|  0|   6|          16|          16|
    |tmp_23_7_1_fu_2289_p2           |   icmp   |      0|  0|   6|          16|          16|
    |tmp_23_7_2_fu_2283_p2           |   icmp   |      0|  0|   6|          16|          16|
    |tmp_23_7_3_fu_2277_p2           |   icmp   |      0|  0|   6|          16|          16|
    |tmp_23_7_4_fu_2271_p2           |   icmp   |      0|  0|   6|          16|          16|
    |tmp_23_7_5_fu_2265_p2           |   icmp   |      0|  0|   6|          16|          16|
    |tmp_23_7_6_fu_2259_p2           |   icmp   |      0|  0|   6|          16|          16|
    |tmp_23_7_7_fu_2253_p2           |   icmp   |      0|  0|   6|          16|          16|
    |tmp_23_7_8_fu_2247_p2           |   icmp   |      0|  0|   6|          16|          16|
    |tmp_23_7_9_fu_2241_p2           |   icmp   |      0|  0|   6|          16|          16|
    |tmp_23_7_fu_2295_p2             |   icmp   |      0|  0|   6|          16|          16|
    |tmp_27_0_1_fu_2366_p2           |   icmp   |      0|  0|   6|          16|          16|
    |tmp_27_0_2_fu_2402_p2           |   icmp   |      0|  0|   6|          16|          16|
    |tmp_27_0_3_fu_2438_p2           |   icmp   |      0|  0|   6|          16|          16|
    |tmp_27_0_4_fu_2474_p2           |   icmp   |      0|  0|   6|          16|          16|
    |tmp_27_0_5_fu_2510_p2           |   icmp   |      0|  0|   6|          16|          16|
    |tmp_27_0_6_fu_2546_p2           |   icmp   |      0|  0|   6|          16|          16|
    |tmp_27_0_7_fu_2582_p2           |   icmp   |      0|  0|   6|          16|          16|
    |tmp_27_0_8_fu_2618_p2           |   icmp   |      0|  0|   6|          16|          16|
    |tmp_27_0_9_fu_2654_p2           |   icmp   |      0|  0|   6|          16|          16|
    |tmp_27_1_1_fu_2735_p2           |   icmp   |      0|  0|   6|          16|          16|
    |tmp_27_1_2_fu_2771_p2           |   icmp   |      0|  0|   6|          16|          16|
    |tmp_27_1_3_fu_2807_p2           |   icmp   |      0|  0|   6|          16|          16|
    |tmp_27_1_4_fu_2843_p2           |   icmp   |      0|  0|   6|          16|          16|
    |tmp_27_1_5_fu_2879_p2           |   icmp   |      0|  0|   6|          16|          16|
    |tmp_27_1_6_fu_2915_p2           |   icmp   |      0|  0|   6|          16|          16|
    |tmp_27_1_7_fu_2951_p2           |   icmp   |      0|  0|   6|          16|          16|
    |tmp_27_1_8_fu_2987_p2           |   icmp   |      0|  0|   6|          16|          16|
    |tmp_27_1_9_fu_3023_p2           |   icmp   |      0|  0|   6|          16|          16|
    |tmp_27_1_fu_2699_p2             |   icmp   |      0|  0|   6|          16|          16|
    |tmp_27_2_1_fu_3104_p2           |   icmp   |      0|  0|   6|          16|          16|
    |tmp_27_2_2_fu_3140_p2           |   icmp   |      0|  0|   6|          16|          16|
    |tmp_27_2_3_fu_3176_p2           |   icmp   |      0|  0|   6|          16|          16|
    |tmp_27_2_4_fu_3212_p2           |   icmp   |      0|  0|   6|          16|          16|
    |tmp_27_2_5_fu_3248_p2           |   icmp   |      0|  0|   6|          16|          16|
    |tmp_27_2_6_fu_3284_p2           |   icmp   |      0|  0|   6|          16|          16|
    |tmp_27_2_7_fu_3320_p2           |   icmp   |      0|  0|   6|          16|          16|
    |tmp_27_2_8_fu_3356_p2           |   icmp   |      0|  0|   6|          16|          16|
    |tmp_27_2_9_fu_3392_p2           |   icmp   |      0|  0|   6|          16|          16|
    |tmp_27_2_fu_3068_p2             |   icmp   |      0|  0|   6|          16|          16|
    |tmp_27_3_1_fu_3473_p2           |   icmp   |      0|  0|   6|          16|          16|
    |tmp_27_3_2_fu_3509_p2           |   icmp   |      0|  0|   6|          16|          16|
    |tmp_27_3_3_fu_3545_p2           |   icmp   |      0|  0|   6|          16|          16|
    |tmp_27_3_4_fu_3581_p2           |   icmp   |      0|  0|   6|          16|          16|
    |tmp_27_3_5_fu_3617_p2           |   icmp   |      0|  0|   6|          16|          16|
    |tmp_27_3_6_fu_3653_p2           |   icmp   |      0|  0|   6|          16|          16|
    |tmp_27_3_7_fu_3689_p2           |   icmp   |      0|  0|   6|          16|          16|
    |tmp_27_3_8_fu_3725_p2           |   icmp   |      0|  0|   6|          16|          16|
    |tmp_27_3_9_fu_3761_p2           |   icmp   |      0|  0|   6|          16|          16|
    |tmp_27_3_fu_3437_p2             |   icmp   |      0|  0|   6|          16|          16|
    |tmp_27_4_1_fu_3842_p2           |   icmp   |      0|  0|   6|          16|          16|
    |tmp_27_4_2_fu_3878_p2           |   icmp   |      0|  0|   6|          16|          16|
    |tmp_27_4_3_fu_3914_p2           |   icmp   |      0|  0|   6|          16|          16|
    |tmp_27_4_4_fu_3950_p2           |   icmp   |      0|  0|   6|          16|          16|
    |tmp_27_4_5_fu_3986_p2           |   icmp   |      0|  0|   6|          16|          16|
    |tmp_27_4_6_fu_4022_p2           |   icmp   |      0|  0|   6|          16|          16|
    |tmp_27_4_7_fu_4058_p2           |   icmp   |      0|  0|   6|          16|          16|
    |tmp_27_4_8_fu_4094_p2           |   icmp   |      0|  0|   6|          16|          16|
    |tmp_27_4_9_fu_4130_p2           |   icmp   |      0|  0|   6|          16|          16|
    |tmp_27_4_fu_3806_p2             |   icmp   |      0|  0|   6|          16|          16|
    |tmp_27_5_1_fu_4211_p2           |   icmp   |      0|  0|   6|          16|          16|
    |tmp_27_5_2_fu_4247_p2           |   icmp   |      0|  0|   6|          16|          16|
    |tmp_27_5_3_fu_4283_p2           |   icmp   |      0|  0|   6|          16|          16|
    |tmp_27_5_4_fu_4319_p2           |   icmp   |      0|  0|   6|          16|          16|
    |tmp_27_5_5_fu_4355_p2           |   icmp   |      0|  0|   6|          16|          16|
    |tmp_27_5_6_fu_4391_p2           |   icmp   |      0|  0|   6|          16|          16|
    |tmp_27_5_7_fu_4427_p2           |   icmp   |      0|  0|   6|          16|          16|
    |tmp_27_5_8_fu_4463_p2           |   icmp   |      0|  0|   6|          16|          16|
    |tmp_27_5_9_fu_4499_p2           |   icmp   |      0|  0|   6|          16|          16|
    |tmp_27_5_fu_4175_p2             |   icmp   |      0|  0|   6|          16|          16|
    |tmp_27_6_1_fu_4580_p2           |   icmp   |      0|  0|   6|          16|          16|
    |tmp_27_6_2_fu_4616_p2           |   icmp   |      0|  0|   6|          16|          16|
    |tmp_27_6_3_fu_4652_p2           |   icmp   |      0|  0|   6|          16|          16|
    |tmp_27_6_4_fu_4688_p2           |   icmp   |      0|  0|   6|          16|          16|
    |tmp_27_6_5_fu_4724_p2           |   icmp   |      0|  0|   6|          16|          16|
    |tmp_27_6_6_fu_4760_p2           |   icmp   |      0|  0|   6|          16|          16|
    |tmp_27_6_7_fu_4796_p2           |   icmp   |      0|  0|   6|          16|          16|
    |tmp_27_6_8_fu_4832_p2           |   icmp   |      0|  0|   6|          16|          16|
    |tmp_27_6_9_fu_4868_p2           |   icmp   |      0|  0|   6|          16|          16|
    |tmp_27_6_fu_4544_p2             |   icmp   |      0|  0|   6|          16|          16|
    |tmp_27_7_1_fu_4949_p2           |   icmp   |      0|  0|   6|          16|          16|
    |tmp_27_7_2_fu_4985_p2           |   icmp   |      0|  0|   6|          16|          16|
    |tmp_27_7_3_fu_5021_p2           |   icmp   |      0|  0|   6|          16|          16|
    |tmp_27_7_4_fu_5057_p2           |   icmp   |      0|  0|   6|          16|          16|
    |tmp_27_7_5_fu_5093_p2           |   icmp   |      0|  0|   6|          16|          16|
    |tmp_27_7_6_fu_5129_p2           |   icmp   |      0|  0|   6|          16|          16|
    |tmp_27_7_7_fu_5165_p2           |   icmp   |      0|  0|   6|          16|          16|
    |tmp_27_7_8_fu_5201_p2           |   icmp   |      0|  0|   6|          16|          16|
    |tmp_27_7_9_fu_5237_p2           |   icmp   |      0|  0|   6|          16|          16|
    |tmp_27_7_fu_4913_p2             |   icmp   |      0|  0|   6|          16|          16|
    |tmp_6_30_fu_2181_p2             |   icmp   |      0|  0|   6|          16|          16|
    |frame_in_load_fu_1989_p2        |   lshr   |      0|  0|  37|          16|          16|
    |index1_1_fu_5481_p2             |    or    |      0|  0|  10|           9|           9|
    |index1_2_fu_5677_p2             |    or    |      0|  0|  10|           9|           9|
    |index1_3_fu_5873_p2             |    or    |      0|  0|  10|           9|           9|
    |index1_4_fu_6069_p2             |    or    |      0|  0|  10|           9|           9|
    |index1_5_fu_6265_p2             |    or    |      0|  0|  10|           9|           9|
    |index1_6_fu_6461_p2             |    or    |      0|  0|  10|           9|           9|
    |index1_7_fu_6657_p2             |    or    |      0|  0|  10|           9|           9|
    |index1_fu_5285_p2               |    or    |      0|  0|  10|           9|           9|
    |j_1_1_fu_3053_p2                |    or    |      0|  0|  10|           9|           2|
    |j_1_2_fu_3422_p2                |    or    |      0|  0|  10|           9|           2|
    |j_1_3_fu_3791_p2                |    or    |      0|  0|  10|           9|           3|
    |j_1_4_fu_4160_p2                |    or    |      0|  0|  10|           9|           3|
    |j_1_5_fu_4529_p2                |    or    |      0|  0|  10|           9|           3|
    |j_1_6_fu_4898_p2                |    or    |      0|  0|  10|           9|           3|
    |j_1_s_fu_2684_p2                |    or    |      0|  0|  10|           9|           1|
    |or_cond10_fu_2717_p2            |    or    |      0|  0|   1|           1|           1|
    |or_cond11_fu_2753_p2            |    or    |      0|  0|   1|           1|           1|
    |or_cond12_fu_2789_p2            |    or    |      0|  0|   1|           1|           1|
    |or_cond13_fu_2825_p2            |    or    |      0|  0|   1|           1|           1|
    |or_cond14_fu_2861_p2            |    or    |      0|  0|   1|           1|           1|
    |or_cond15_fu_2897_p2            |    or    |      0|  0|   1|           1|           1|
    |or_cond16_fu_2933_p2            |    or    |      0|  0|   1|           1|           1|
    |or_cond17_fu_2969_p2            |    or    |      0|  0|   1|           1|           1|
    |or_cond18_fu_3005_p2            |    or    |      0|  0|   1|           1|           1|
    |or_cond19_fu_3041_p2            |    or    |      0|  0|   1|           1|           1|
    |or_cond1_fu_2348_p2             |    or    |      0|  0|   1|           1|           1|
    |or_cond20_fu_3086_p2            |    or    |      0|  0|   1|           1|           1|
    |or_cond21_fu_3122_p2            |    or    |      0|  0|   1|           1|           1|
    |or_cond22_fu_3158_p2            |    or    |      0|  0|   1|           1|           1|
    |or_cond23_fu_3194_p2            |    or    |      0|  0|   1|           1|           1|
    |or_cond24_fu_3230_p2            |    or    |      0|  0|   1|           1|           1|
    |or_cond25_fu_3266_p2            |    or    |      0|  0|   1|           1|           1|
    |or_cond26_fu_3302_p2            |    or    |      0|  0|   1|           1|           1|
    |or_cond27_fu_3338_p2            |    or    |      0|  0|   1|           1|           1|
    |or_cond28_fu_3374_p2            |    or    |      0|  0|   1|           1|           1|
    |or_cond29_fu_3410_p2            |    or    |      0|  0|   1|           1|           1|
    |or_cond2_fu_2564_p2             |    or    |      0|  0|   1|           1|           1|
    |or_cond30_fu_3455_p2            |    or    |      0|  0|   1|           1|           1|
    |or_cond31_fu_3491_p2            |    or    |      0|  0|   1|           1|           1|
    |or_cond32_fu_3527_p2            |    or    |      0|  0|   1|           1|           1|
    |or_cond33_fu_3563_p2            |    or    |      0|  0|   1|           1|           1|
    |or_cond34_fu_3599_p2            |    or    |      0|  0|   1|           1|           1|
    |or_cond35_fu_3635_p2            |    or    |      0|  0|   1|           1|           1|
    |or_cond36_fu_3671_p2            |    or    |      0|  0|   1|           1|           1|
    |or_cond37_fu_3707_p2            |    or    |      0|  0|   1|           1|           1|
    |or_cond38_fu_3743_p2            |    or    |      0|  0|   1|           1|           1|
    |or_cond39_fu_3779_p2            |    or    |      0|  0|   1|           1|           1|
    |or_cond3_fu_2384_p2             |    or    |      0|  0|   1|           1|           1|
    |or_cond40_fu_3824_p2            |    or    |      0|  0|   1|           1|           1|
    |or_cond41_fu_3860_p2            |    or    |      0|  0|   1|           1|           1|
    |or_cond42_fu_3896_p2            |    or    |      0|  0|   1|           1|           1|
    |or_cond43_fu_3932_p2            |    or    |      0|  0|   1|           1|           1|
    |or_cond44_fu_3968_p2            |    or    |      0|  0|   1|           1|           1|
    |or_cond45_fu_4004_p2            |    or    |      0|  0|   1|           1|           1|
    |or_cond46_fu_4040_p2            |    or    |      0|  0|   1|           1|           1|
    |or_cond47_fu_4076_p2            |    or    |      0|  0|   1|           1|           1|
    |or_cond48_fu_4112_p2            |    or    |      0|  0|   1|           1|           1|
    |or_cond49_fu_4148_p2            |    or    |      0|  0|   1|           1|           1|
    |or_cond4_fu_2600_p2             |    or    |      0|  0|   1|           1|           1|
    |or_cond50_fu_4193_p2            |    or    |      0|  0|   1|           1|           1|
    |or_cond51_fu_4229_p2            |    or    |      0|  0|   1|           1|           1|
    |or_cond52_fu_4265_p2            |    or    |      0|  0|   1|           1|           1|
    |or_cond53_fu_4301_p2            |    or    |      0|  0|   1|           1|           1|
    |or_cond54_fu_4337_p2            |    or    |      0|  0|   1|           1|           1|
    |or_cond55_fu_4373_p2            |    or    |      0|  0|   1|           1|           1|
    |or_cond56_fu_4409_p2            |    or    |      0|  0|   1|           1|           1|
    |or_cond57_fu_4445_p2            |    or    |      0|  0|   1|           1|           1|
    |or_cond58_fu_4481_p2            |    or    |      0|  0|   1|           1|           1|
    |or_cond59_fu_4517_p2            |    or    |      0|  0|   1|           1|           1|
    |or_cond5_fu_2420_p2             |    or    |      0|  0|   1|           1|           1|
    |or_cond60_fu_4562_p2            |    or    |      0|  0|   1|           1|           1|
    |or_cond61_fu_4598_p2            |    or    |      0|  0|   1|           1|           1|
    |or_cond62_fu_4634_p2            |    or    |      0|  0|   1|           1|           1|
    |or_cond63_fu_4670_p2            |    or    |      0|  0|   1|           1|           1|
    |or_cond64_fu_4706_p2            |    or    |      0|  0|   1|           1|           1|
    |or_cond65_fu_4742_p2            |    or    |      0|  0|   1|           1|           1|
    |or_cond66_fu_4778_p2            |    or    |      0|  0|   1|           1|           1|
    |or_cond67_fu_4814_p2            |    or    |      0|  0|   1|           1|           1|
    |or_cond68_fu_4850_p2            |    or    |      0|  0|   1|           1|           1|
    |or_cond69_fu_4886_p2            |    or    |      0|  0|   1|           1|           1|
    |or_cond6_fu_2636_p2             |    or    |      0|  0|   1|           1|           1|
    |or_cond70_fu_4931_p2            |    or    |      0|  0|   1|           1|           1|
    |or_cond71_fu_4967_p2            |    or    |      0|  0|   1|           1|           1|
    |or_cond72_fu_5003_p2            |    or    |      0|  0|   1|           1|           1|
    |or_cond73_fu_5039_p2            |    or    |      0|  0|   1|           1|           1|
    |or_cond74_fu_5075_p2            |    or    |      0|  0|   1|           1|           1|
    |or_cond75_fu_5111_p2            |    or    |      0|  0|   1|           1|           1|
    |or_cond76_fu_5147_p2            |    or    |      0|  0|   1|           1|           1|
    |or_cond77_fu_5183_p2            |    or    |      0|  0|   1|           1|           1|
    |or_cond78_fu_5219_p2            |    or    |      0|  0|   1|           1|           1|
    |or_cond79_fu_5255_p2            |    or    |      0|  0|   1|           1|           1|
    |or_cond7_fu_2456_p2             |    or    |      0|  0|   1|           1|           1|
    |or_cond8_fu_2672_p2             |    or    |      0|  0|   1|           1|           1|
    |or_cond9_fu_2492_p2             |    or    |      0|  0|   1|           1|           1|
    |or_cond_fu_2528_p2              |    or    |      0|  0|   1|           1|           1|
    |tmp100_fu_3992_p2               |    or    |      0|  0|   1|           1|           1|
    |tmp101_fu_3998_p2               |    or    |      0|  0|   1|           1|           1|
    |tmp102_fu_4028_p2               |    or    |      0|  0|   1|           1|           1|
    |tmp103_fu_4034_p2               |    or    |      0|  0|   1|           1|           1|
    |tmp104_fu_4064_p2               |    or    |      0|  0|   1|           1|           1|
    |tmp105_fu_4070_p2               |    or    |      0|  0|   1|           1|           1|
    |tmp106_fu_4100_p2               |    or    |      0|  0|   1|           1|           1|
    |tmp107_fu_4106_p2               |    or    |      0|  0|   1|           1|           1|
    |tmp108_fu_4136_p2               |    or    |      0|  0|   1|           1|           1|
    |tmp109_fu_4142_p2               |    or    |      0|  0|   1|           1|           1|
    |tmp10_fu_2342_p2                |    or    |      0|  0|   1|           1|           1|
    |tmp110_fu_4181_p2               |    or    |      0|  0|   1|           1|           1|
    |tmp111_fu_4187_p2               |    or    |      0|  0|   1|           1|           1|
    |tmp113_fu_4217_p2               |    or    |      0|  0|   1|           1|           1|
    |tmp114_fu_4223_p2               |    or    |      0|  0|   1|           1|           1|
    |tmp115_fu_4253_p2               |    or    |      0|  0|   1|           1|           1|
    |tmp116_fu_4259_p2               |    or    |      0|  0|   1|           1|           1|
    |tmp117_fu_4289_p2               |    or    |      0|  0|   1|           1|           1|
    |tmp118_fu_4295_p2               |    or    |      0|  0|   1|           1|           1|
    |tmp119_fu_4325_p2               |    or    |      0|  0|   1|           1|           1|
    |tmp11_fu_2480_p2                |    or    |      0|  0|   1|           1|           1|
    |tmp120_fu_4331_p2               |    or    |      0|  0|   1|           1|           1|
    |tmp121_fu_4361_p2               |    or    |      0|  0|   1|           1|           1|
    |tmp122_fu_4367_p2               |    or    |      0|  0|   1|           1|           1|
    |tmp123_fu_4397_p2               |    or    |      0|  0|   1|           1|           1|
    |tmp124_fu_4403_p2               |    or    |      0|  0|   1|           1|           1|
    |tmp125_fu_4433_p2               |    or    |      0|  0|   1|           1|           1|
    |tmp126_fu_4439_p2               |    or    |      0|  0|   1|           1|           1|
    |tmp127_fu_4469_p2               |    or    |      0|  0|   1|           1|           1|
    |tmp128_fu_4475_p2               |    or    |      0|  0|   1|           1|           1|
    |tmp129_fu_4505_p2               |    or    |      0|  0|   1|           1|           1|
    |tmp12_fu_2486_p2                |    or    |      0|  0|   1|           1|           1|
    |tmp130_fu_4511_p2               |    or    |      0|  0|   1|           1|           1|
    |tmp131_fu_4550_p2               |    or    |      0|  0|   1|           1|           1|
    |tmp132_fu_4556_p2               |    or    |      0|  0|   1|           1|           1|
    |tmp134_fu_4586_p2               |    or    |      0|  0|   1|           1|           1|
    |tmp135_fu_4592_p2               |    or    |      0|  0|   1|           1|           1|
    |tmp136_fu_4622_p2               |    or    |      0|  0|   1|           1|           1|
    |tmp137_fu_4628_p2               |    or    |      0|  0|   1|           1|           1|
    |tmp138_fu_4658_p2               |    or    |      0|  0|   1|           1|           1|
    |tmp139_fu_4664_p2               |    or    |      0|  0|   1|           1|           1|
    |tmp140_fu_4694_p2               |    or    |      0|  0|   1|           1|           1|
    |tmp141_fu_4700_p2               |    or    |      0|  0|   1|           1|           1|
    |tmp142_fu_4730_p2               |    or    |      0|  0|   1|           1|           1|
    |tmp143_fu_4736_p2               |    or    |      0|  0|   1|           1|           1|
    |tmp144_fu_4766_p2               |    or    |      0|  0|   1|           1|           1|
    |tmp145_fu_4772_p2               |    or    |      0|  0|   1|           1|           1|
    |tmp146_fu_4802_p2               |    or    |      0|  0|   1|           1|           1|
    |tmp147_fu_4808_p2               |    or    |      0|  0|   1|           1|           1|
    |tmp148_fu_4838_p2               |    or    |      0|  0|   1|           1|           1|
    |tmp149_fu_4844_p2               |    or    |      0|  0|   1|           1|           1|
    |tmp14_fu_2516_p2                |    or    |      0|  0|   1|           1|           1|
    |tmp150_fu_4874_p2               |    or    |      0|  0|   1|           1|           1|
    |tmp151_fu_4880_p2               |    or    |      0|  0|   1|           1|           1|
    |tmp152_fu_4919_p2               |    or    |      0|  0|   1|           1|           1|
    |tmp153_fu_4925_p2               |    or    |      0|  0|   1|           1|           1|
    |tmp155_fu_4955_p2               |    or    |      0|  0|   1|           1|           1|
    |tmp156_fu_4961_p2               |    or    |      0|  0|   1|           1|           1|
    |tmp157_fu_4991_p2               |    or    |      0|  0|   1|           1|           1|
    |tmp158_fu_4997_p2               |    or    |      0|  0|   1|           1|           1|
    |tmp159_fu_5027_p2               |    or    |      0|  0|   1|           1|           1|
    |tmp15_fu_2522_p2                |    or    |      0|  0|   1|           1|           1|
    |tmp160_fu_5033_p2               |    or    |      0|  0|   1|           1|           1|
    |tmp161_fu_5063_p2               |    or    |      0|  0|   1|           1|           1|
    |tmp162_fu_5069_p2               |    or    |      0|  0|   1|           1|           1|
    |tmp163_fu_5099_p2               |    or    |      0|  0|   1|           1|           1|
    |tmp164_fu_5105_p2               |    or    |      0|  0|   1|           1|           1|
    |tmp165_fu_5135_p2               |    or    |      0|  0|   1|           1|           1|
    |tmp166_fu_5141_p2               |    or    |      0|  0|   1|           1|           1|
    |tmp167_fu_5171_p2               |    or    |      0|  0|   1|           1|           1|
    |tmp168_fu_5177_p2               |    or    |      0|  0|   1|           1|           1|
    |tmp169_fu_5207_p2               |    or    |      0|  0|   1|           1|           1|
    |tmp170_fu_5213_p2               |    or    |      0|  0|   1|           1|           1|
    |tmp171_fu_5243_p2               |    or    |      0|  0|   1|           1|           1|
    |tmp172_fu_5249_p2               |    or    |      0|  0|   1|           1|           1|
    |tmp17_fu_2552_p2                |    or    |      0|  0|   1|           1|           1|
    |tmp18_fu_2558_p2                |    or    |      0|  0|   1|           1|           1|
    |tmp20_fu_2588_p2                |    or    |      0|  0|   1|           1|           1|
    |tmp21_fu_2594_p2                |    or    |      0|  0|   1|           1|           1|
    |tmp22_fu_2624_p2                |    or    |      0|  0|   1|           1|           1|
    |tmp23_fu_2630_p2                |    or    |      0|  0|   1|           1|           1|
    |tmp24_fu_2660_p2                |    or    |      0|  0|   1|           1|           1|
    |tmp25_fu_2666_p2                |    or    |      0|  0|   1|           1|           1|
    |tmp26_fu_2705_p2                |    or    |      0|  0|   1|           1|           1|
    |tmp27_fu_2711_p2                |    or    |      0|  0|   1|           1|           1|
    |tmp29_fu_2741_p2                |    or    |      0|  0|   1|           1|           1|
    |tmp2_fu_2372_p2                 |    or    |      0|  0|   1|           1|           1|
    |tmp30_fu_2747_p2                |    or    |      0|  0|   1|           1|           1|
    |tmp31_fu_2777_p2                |    or    |      0|  0|   1|           1|           1|
    |tmp32_fu_2783_p2                |    or    |      0|  0|   1|           1|           1|
    |tmp33_fu_2813_p2                |    or    |      0|  0|   1|           1|           1|
    |tmp34_fu_2819_p2                |    or    |      0|  0|   1|           1|           1|
    |tmp35_fu_2849_p2                |    or    |      0|  0|   1|           1|           1|
    |tmp36_fu_2855_p2                |    or    |      0|  0|   1|           1|           1|
    |tmp37_fu_2885_p2                |    or    |      0|  0|   1|           1|           1|
    |tmp38_fu_2891_p2                |    or    |      0|  0|   1|           1|           1|
    |tmp39_fu_2921_p2                |    or    |      0|  0|   1|           1|           1|
    |tmp3_fu_2378_p2                 |    or    |      0|  0|   1|           1|           1|
    |tmp40_fu_2927_p2                |    or    |      0|  0|   1|           1|           1|
    |tmp41_fu_2957_p2                |    or    |      0|  0|   1|           1|           1|
    |tmp42_fu_2963_p2                |    or    |      0|  0|   1|           1|           1|
    |tmp43_fu_2993_p2                |    or    |      0|  0|   1|           1|           1|
    |tmp44_fu_2999_p2                |    or    |      0|  0|   1|           1|           1|
    |tmp45_fu_3029_p2                |    or    |      0|  0|   1|           1|           1|
    |tmp46_fu_3035_p2                |    or    |      0|  0|   1|           1|           1|
    |tmp47_fu_3074_p2                |    or    |      0|  0|   1|           1|           1|
    |tmp48_fu_3080_p2                |    or    |      0|  0|   1|           1|           1|
    |tmp50_fu_3110_p2                |    or    |      0|  0|   1|           1|           1|
    |tmp51_fu_3116_p2                |    or    |      0|  0|   1|           1|           1|
    |tmp52_fu_3146_p2                |    or    |      0|  0|   1|           1|           1|
    |tmp53_fu_3152_p2                |    or    |      0|  0|   1|           1|           1|
    |tmp54_fu_3182_p2                |    or    |      0|  0|   1|           1|           1|
    |tmp55_fu_3188_p2                |    or    |      0|  0|   1|           1|           1|
    |tmp56_fu_3218_p2                |    or    |      0|  0|   1|           1|           1|
    |tmp57_fu_3224_p2                |    or    |      0|  0|   1|           1|           1|
    |tmp58_fu_3254_p2                |    or    |      0|  0|   1|           1|           1|
    |tmp59_fu_3260_p2                |    or    |      0|  0|   1|           1|           1|
    |tmp5_fu_2408_p2                 |    or    |      0|  0|   1|           1|           1|
    |tmp60_fu_3290_p2                |    or    |      0|  0|   1|           1|           1|
    |tmp61_fu_3296_p2                |    or    |      0|  0|   1|           1|           1|
    |tmp62_fu_3326_p2                |    or    |      0|  0|   1|           1|           1|
    |tmp63_fu_3332_p2                |    or    |      0|  0|   1|           1|           1|
    |tmp64_fu_3362_p2                |    or    |      0|  0|   1|           1|           1|
    |tmp65_fu_3368_p2                |    or    |      0|  0|   1|           1|           1|
    |tmp66_fu_3398_p2                |    or    |      0|  0|   1|           1|           1|
    |tmp67_fu_3404_p2                |    or    |      0|  0|   1|           1|           1|
    |tmp68_fu_3443_p2                |    or    |      0|  0|   1|           1|           1|
    |tmp69_fu_3449_p2                |    or    |      0|  0|   1|           1|           1|
    |tmp6_fu_2414_p2                 |    or    |      0|  0|   1|           1|           1|
    |tmp71_fu_3479_p2                |    or    |      0|  0|   1|           1|           1|
    |tmp72_fu_3485_p2                |    or    |      0|  0|   1|           1|           1|
    |tmp73_fu_3515_p2                |    or    |      0|  0|   1|           1|           1|
    |tmp74_fu_3521_p2                |    or    |      0|  0|   1|           1|           1|
    |tmp75_fu_3551_p2                |    or    |      0|  0|   1|           1|           1|
    |tmp76_fu_3557_p2                |    or    |      0|  0|   1|           1|           1|
    |tmp77_fu_3587_p2                |    or    |      0|  0|   1|           1|           1|
    |tmp78_fu_3593_p2                |    or    |      0|  0|   1|           1|           1|
    |tmp79_fu_3623_p2                |    or    |      0|  0|   1|           1|           1|
    |tmp7_fu_2336_p2                 |    or    |      0|  0|   1|           1|           1|
    |tmp80_fu_3629_p2                |    or    |      0|  0|   1|           1|           1|
    |tmp81_fu_3659_p2                |    or    |      0|  0|   1|           1|           1|
    |tmp82_fu_3665_p2                |    or    |      0|  0|   1|           1|           1|
    |tmp83_fu_3695_p2                |    or    |      0|  0|   1|           1|           1|
    |tmp84_fu_3701_p2                |    or    |      0|  0|   1|           1|           1|
    |tmp85_fu_3731_p2                |    or    |      0|  0|   1|           1|           1|
    |tmp86_fu_3737_p2                |    or    |      0|  0|   1|           1|           1|
    |tmp87_fu_3767_p2                |    or    |      0|  0|   1|           1|           1|
    |tmp88_fu_3773_p2                |    or    |      0|  0|   1|           1|           1|
    |tmp89_fu_3812_p2                |    or    |      0|  0|   1|           1|           1|
    |tmp8_fu_2444_p2                 |    or    |      0|  0|   1|           1|           1|
    |tmp90_fu_3818_p2                |    or    |      0|  0|   1|           1|           1|
    |tmp92_fu_3848_p2                |    or    |      0|  0|   1|           1|           1|
    |tmp93_fu_3854_p2                |    or    |      0|  0|   1|           1|           1|
    |tmp94_fu_3884_p2                |    or    |      0|  0|   1|           1|           1|
    |tmp95_fu_3890_p2                |    or    |      0|  0|   1|           1|           1|
    |tmp96_fu_3920_p2                |    or    |      0|  0|   1|           1|           1|
    |tmp97_fu_3926_p2                |    or    |      0|  0|   1|           1|           1|
    |tmp98_fu_3956_p2                |    or    |      0|  0|   1|           1|           1|
    |tmp99_fu_3962_p2                |    or    |      0|  0|   1|           1|           1|
    |tmp9_fu_2450_p2                 |    or    |      0|  0|   1|           1|           1|
    |tmp_11_1_fu_5647_p2             |    or    |      0|  0|  22|          17|           3|
    |tmp_11_s_fu_5451_p2             |    or    |      0|  0|  22|          17|           2|
    |tmp_1_17_fu_5431_p2             |    or    |      0|  0|  22|          17|           3|
    |tmp_7_1_fu_5441_p2              |    or    |      0|  0|  22|          17|           3|
    |tmp_7_2_fu_5637_p2              |    or    |      0|  0|  22|          17|           3|
    |tmp_7_s_fu_2314_p2              |    or    |      0|  0|  22|          17|           1|
    |tmp_s_fu_2304_p2                |    or    |      0|  0|  22|          17|           2|
    +--------------------------------+----------+-------+---+----+------------+------------+
    |Total                           |          |      0|  0|2353|        4072|        3535|
    +--------------------------------+----------+-------+---+----+------------+------------+

    * Multiplexer: 
    +---------------------------------+-----+-----------+-----+-----------+
    |               Name              | LUT | Input Size| Bits| Total Bits|
    +---------------------------------+-----+-----------+-----+-----------+
    |M_OFFSET_ARADDR                  |   32|          3|   32|         96|
    |M_OFFSET_ARLEN                   |   32|          3|   32|         96|
    |ap_NS_fsm                        |  352|        139|    1|        139|
    |ap_reg_ppiten_pp1_it9            |    1|          2|    1|          2|
    |ap_reg_ppiten_pp3_it2            |    1|          2|    1|          2|
    |ap_sig_ioackin_M_OFFSET_ARREADY  |    1|          2|    1|          2|
    |ap_sig_ioackin_M_OFFSET_AWREADY  |    1|          2|    1|          2|
    |ap_sig_ioackin_M_OFFSET_WREADY   |    1|          2|    1|          2|
    |featureHist_0_address0           |   45|         18|    9|        162|
    |featureHist_1_address0           |   45|         18|    9|        162|
    |featureHist_2_address0           |   45|         18|    9|        162|
    |featureHist_3_address0           |   45|         18|    9|        162|
    |featureHist_4_address0           |   45|         18|    9|        162|
    |featureHist_5_address0           |   45|         18|    9|        162|
    |featureHist_6_address0           |   45|         18|    9|        162|
    |featureHist_7_address0           |   45|         18|    9|        162|
    |featureHist_8_address0           |   45|         18|    9|        162|
    |featureHist_9_address0           |   45|         18|    9|        162|
    |i_phi_fu_1502_p4                 |    7|          2|    7|         14|
    |i_reg_1498                       |    7|          2|    7|         14|
    |indvar1_reg_1531                 |   13|          2|   13|         26|
    |indvar2_phi_fu_1468_p4           |   17|          2|   17|         34|
    |indvar2_reg_1464                 |   17|          2|   17|         34|
    |indvar_flatten_phi_fu_1480_p4    |   12|          2|   12|         24|
    |indvar_flatten_reg_1476          |   12|          2|   12|         24|
    |indvar_phi_fu_1432_p4            |    6|          2|    6|         12|
    |indvar_reg_1428                  |    6|          2|    6|         12|
    |iterator_phi_fu_1491_p4          |   17|          2|   17|         34|
    |iterator_reg_1487                |   17|          2|   17|         34|
    |iterator_s_phi_fu_1513_p4        |   17|          2|   17|         34|
    |iterator_s_reg_1509              |   17|          2|   17|         34|
    |j_phi_fu_1524_p4                 |    9|          2|    9|         18|
    |j_reg_1520                       |    9|          2|    9|         18|
    |k_reg_1440                       |    2|          2|    2|          4|
    |phi_mul_reg_1452                 |   18|          2|   18|         36|
    |rgb_address0                     |  204|         40|   17|        680|
    |rgb_address1                     |  170|         34|   17|        578|
    +---------------------------------+-----+-----------+-----+-----------+
    |Total                            | 1448|        443|  397|       3625|
    +---------------------------------+-----+-----------+-----+-----------+

    * Register: 
    +-----------------------------------------+-----+----+-----+-----------+
    |                   Name                  |  FF | LUT| Bits| Const Bits|
    +-----------------------------------------+-----+----+-----+-----------+
    |M_OFFSET_addr_2_read_reg_7321            |   16|   0|   16|          0|
    |M_OFFSET_addr_2_reg_7315                 |   32|   0|   32|          0|
    |M_OFFSET_addr_reg_7262                   |   31|   0|   32|          1|
    |ap_CS_fsm                                |  138|   0|  138|          0|
    |ap_reg_ioackin_M_OFFSET_ARREADY          |    1|   0|    1|          0|
    |ap_reg_ioackin_M_OFFSET_AWREADY          |    1|   0|    1|          0|
    |ap_reg_ioackin_M_OFFSET_WREADY           |    1|   0|    1|          0|
    |ap_reg_ppiten_pp0_it0                    |    1|   0|    1|          0|
    |ap_reg_ppiten_pp0_it1                    |    1|   0|    1|          0|
    |ap_reg_ppiten_pp1_it0                    |    1|   0|    1|          0|
    |ap_reg_ppiten_pp1_it1                    |    1|   0|    1|          0|
    |ap_reg_ppiten_pp1_it2                    |    1|   0|    1|          0|
    |ap_reg_ppiten_pp1_it3                    |    1|   0|    1|          0|
    |ap_reg_ppiten_pp1_it4                    |    1|   0|    1|          0|
    |ap_reg_ppiten_pp1_it5                    |    1|   0|    1|          0|
    |ap_reg_ppiten_pp1_it6                    |    1|   0|    1|          0|
    |ap_reg_ppiten_pp1_it7                    |    1|   0|    1|          0|
    |ap_reg_ppiten_pp1_it8                    |    1|   0|    1|          0|
    |ap_reg_ppiten_pp1_it9                    |    1|   0|    1|          0|
    |ap_reg_ppiten_pp2_it0                    |    1|   0|    1|          0|
    |ap_reg_ppiten_pp2_it1                    |    1|   0|    1|          0|
    |ap_reg_ppiten_pp3_it0                    |    1|   0|    1|          0|
    |ap_reg_ppiten_pp3_it1                    |    1|   0|    1|          0|
    |ap_reg_ppiten_pp3_it2                    |    1|   0|    1|          0|
    |ap_reg_ppstg_exitcond4_reg_8274_pp3_it1  |    1|   0|    1|          0|
    |ap_reg_ppstg_or_cond79_reg_7738_pp2_it1  |    1|   0|    1|          0|
    |arrayNo_reg_8283                         |    4|   0|    4|          0|
    |boundingBoxes_39_10_fu_376               |   16|   0|   16|          0|
    |boundingBoxes_39_11_fu_380               |   16|   0|   16|          0|
    |boundingBoxes_39_12_fu_384               |   16|   0|   16|          0|
    |boundingBoxes_39_13_fu_388               |   16|   0|   16|          0|
    |boundingBoxes_39_14_fu_392               |   16|   0|   16|          0|
    |boundingBoxes_39_15_fu_396               |   16|   0|   16|          0|
    |boundingBoxes_39_16_fu_400               |   16|   0|   16|          0|
    |boundingBoxes_39_17_fu_404               |   16|   0|   16|          0|
    |boundingBoxes_39_18_fu_408               |   16|   0|   16|          0|
    |boundingBoxes_39_19_fu_412               |   16|   0|   16|          0|
    |boundingBoxes_39_1_fu_340                |   16|   0|   16|          0|
    |boundingBoxes_39_20_fu_416               |   16|   0|   16|          0|
    |boundingBoxes_39_21_fu_420               |   16|   0|   16|          0|
    |boundingBoxes_39_22_fu_424               |   16|   0|   16|          0|
    |boundingBoxes_39_23_fu_428               |   16|   0|   16|          0|
    |boundingBoxes_39_24_fu_432               |   16|   0|   16|          0|
    |boundingBoxes_39_25_fu_436               |   16|   0|   16|          0|
    |boundingBoxes_39_26_fu_440               |   16|   0|   16|          0|
    |boundingBoxes_39_27_fu_444               |   16|   0|   16|          0|
    |boundingBoxes_39_28_fu_448               |   16|   0|   16|          0|
    |boundingBoxes_39_29_fu_452               |   16|   0|   16|          0|
    |boundingBoxes_39_2_fu_344                |   16|   0|   16|          0|
    |boundingBoxes_39_30_fu_456               |   16|   0|   16|          0|
    |boundingBoxes_39_31_fu_460               |   16|   0|   16|          0|
    |boundingBoxes_39_32_fu_464               |   16|   0|   16|          0|
    |boundingBoxes_39_33_fu_468               |   16|   0|   16|          0|
    |boundingBoxes_39_34_fu_472               |   16|   0|   16|          0|
    |boundingBoxes_39_35_fu_476               |   16|   0|   16|          0|
    |boundingBoxes_39_36_fu_480               |   16|   0|   16|          0|
    |boundingBoxes_39_37_fu_484               |   16|   0|   16|          0|
    |boundingBoxes_39_38_fu_488               |   16|   0|   16|          0|
    |boundingBoxes_39_39_fu_492               |   16|   0|   16|          0|
    |boundingBoxes_39_3_fu_348                |   16|   0|   16|          0|
    |boundingBoxes_39_4_fu_352                |   16|   0|   16|          0|
    |boundingBoxes_39_5_fu_356                |   16|   0|   16|          0|
    |boundingBoxes_39_6_fu_360                |   16|   0|   16|          0|
    |boundingBoxes_39_7_fu_364                |   16|   0|   16|          0|
    |boundingBoxes_39_8_fu_368                |   16|   0|   16|          0|
    |boundingBoxes_39_9_fu_372                |   16|   0|   16|          0|
    |boundingBoxes_39_fu_336                  |   16|   0|   16|          0|
    |exitcond4_reg_8274                       |    1|   0|    1|          0|
    |exitcond5_reg_7301                       |    1|   0|    1|          0|
    |exitcond7_reg_7273                       |    1|   0|    1|          0|
    |exitcond_flatten_reg_7336                |    1|   0|    1|          0|
    |featureHist_0_addr_1_reg_7816            |    9|   0|    9|          0|
    |featureHist_0_addr_2_reg_7884            |    9|   0|    9|          0|
    |featureHist_0_addr_3_reg_7952            |    9|   0|    9|          0|
    |featureHist_0_addr_4_reg_8020            |    9|   0|    9|          0|
    |featureHist_0_addr_5_reg_8088            |    9|   0|    9|          0|
    |featureHist_0_addr_6_reg_8156            |    9|   0|    9|          0|
    |featureHist_0_addr_7_reg_8224            |    9|   0|    9|          0|
    |featureHist_0_addr_reg_7748              |    9|   0|    9|          0|
    |featureHist_1_addr_1_reg_7821            |    9|   0|    9|          0|
    |featureHist_1_addr_2_reg_7889            |    9|   0|    9|          0|
    |featureHist_1_addr_3_reg_7957            |    9|   0|    9|          0|
    |featureHist_1_addr_4_reg_8025            |    9|   0|    9|          0|
    |featureHist_1_addr_5_reg_8093            |    9|   0|    9|          0|
    |featureHist_1_addr_6_reg_8161            |    9|   0|    9|          0|
    |featureHist_1_addr_7_reg_8229            |    9|   0|    9|          0|
    |featureHist_1_addr_reg_7753              |    9|   0|    9|          0|
    |featureHist_2_addr_1_reg_7826            |    9|   0|    9|          0|
    |featureHist_2_addr_2_reg_7894            |    9|   0|    9|          0|
    |featureHist_2_addr_3_reg_7962            |    9|   0|    9|          0|
    |featureHist_2_addr_4_reg_8030            |    9|   0|    9|          0|
    |featureHist_2_addr_5_reg_8098            |    9|   0|    9|          0|
    |featureHist_2_addr_6_reg_8166            |    9|   0|    9|          0|
    |featureHist_2_addr_7_reg_8234            |    9|   0|    9|          0|
    |featureHist_2_addr_reg_7758              |    9|   0|    9|          0|
    |featureHist_3_addr_1_reg_7831            |    9|   0|    9|          0|
    |featureHist_3_addr_2_reg_7899            |    9|   0|    9|          0|
    |featureHist_3_addr_3_reg_7967            |    9|   0|    9|          0|
    |featureHist_3_addr_4_reg_8035            |    9|   0|    9|          0|
    |featureHist_3_addr_5_reg_8103            |    9|   0|    9|          0|
    |featureHist_3_addr_6_reg_8171            |    9|   0|    9|          0|
    |featureHist_3_addr_7_reg_8239            |    9|   0|    9|          0|
    |featureHist_3_addr_reg_7763              |    9|   0|    9|          0|
    |featureHist_4_addr_1_reg_7836            |    9|   0|    9|          0|
    |featureHist_4_addr_2_reg_7904            |    9|   0|    9|          0|
    |featureHist_4_addr_3_reg_7972            |    9|   0|    9|          0|
    |featureHist_4_addr_4_reg_8040            |    9|   0|    9|          0|
    |featureHist_4_addr_5_reg_8108            |    9|   0|    9|          0|
    |featureHist_4_addr_6_reg_8176            |    9|   0|    9|          0|
    |featureHist_4_addr_7_reg_8244            |    9|   0|    9|          0|
    |featureHist_4_addr_reg_7768              |    9|   0|    9|          0|
    |featureHist_5_addr_1_reg_7841            |    9|   0|    9|          0|
    |featureHist_5_addr_2_reg_7909            |    9|   0|    9|          0|
    |featureHist_5_addr_3_reg_7977            |    9|   0|    9|          0|
    |featureHist_5_addr_4_reg_8045            |    9|   0|    9|          0|
    |featureHist_5_addr_5_reg_8113            |    9|   0|    9|          0|
    |featureHist_5_addr_6_reg_8181            |    9|   0|    9|          0|
    |featureHist_5_addr_7_reg_8249            |    9|   0|    9|          0|
    |featureHist_5_addr_reg_7773              |    9|   0|    9|          0|
    |featureHist_6_addr_1_reg_7846            |    9|   0|    9|          0|
    |featureHist_6_addr_2_reg_7914            |    9|   0|    9|          0|
    |featureHist_6_addr_3_reg_7982            |    9|   0|    9|          0|
    |featureHist_6_addr_4_reg_8050            |    9|   0|    9|          0|
    |featureHist_6_addr_5_reg_8118            |    9|   0|    9|          0|
    |featureHist_6_addr_6_reg_8186            |    9|   0|    9|          0|
    |featureHist_6_addr_7_reg_8254            |    9|   0|    9|          0|
    |featureHist_6_addr_reg_7778              |    9|   0|    9|          0|
    |featureHist_7_addr_1_reg_7851            |    9|   0|    9|          0|
    |featureHist_7_addr_2_reg_7919            |    9|   0|    9|          0|
    |featureHist_7_addr_3_reg_7987            |    9|   0|    9|          0|
    |featureHist_7_addr_4_reg_8055            |    9|   0|    9|          0|
    |featureHist_7_addr_5_reg_8123            |    9|   0|    9|          0|
    |featureHist_7_addr_6_reg_8191            |    9|   0|    9|          0|
    |featureHist_7_addr_7_reg_8259            |    9|   0|    9|          0|
    |featureHist_7_addr_reg_7783              |    9|   0|    9|          0|
    |featureHist_8_addr_1_reg_7856            |    9|   0|    9|          0|
    |featureHist_8_addr_2_reg_7924            |    9|   0|    9|          0|
    |featureHist_8_addr_3_reg_7992            |    9|   0|    9|          0|
    |featureHist_8_addr_4_reg_8060            |    9|   0|    9|          0|
    |featureHist_8_addr_5_reg_8128            |    9|   0|    9|          0|
    |featureHist_8_addr_6_reg_8196            |    9|   0|    9|          0|
    |featureHist_8_addr_7_reg_8264            |    9|   0|    9|          0|
    |featureHist_8_addr_reg_7788              |    9|   0|    9|          0|
    |featureHist_9_addr_1_reg_7861            |    9|   0|    9|          0|
    |featureHist_9_addr_2_reg_7929            |    9|   0|    9|          0|
    |featureHist_9_addr_3_reg_7997            |    9|   0|    9|          0|
    |featureHist_9_addr_4_reg_8065            |    9|   0|    9|          0|
    |featureHist_9_addr_5_reg_8133            |    9|   0|    9|          0|
    |featureHist_9_addr_6_reg_8201            |    9|   0|    9|          0|
    |featureHist_9_addr_7_reg_8269            |    9|   0|    9|          0|
    |featureHist_9_addr_reg_7793              |    9|   0|    9|          0|
    |i_mid2_reg_7390                          |    7|   0|    7|          0|
    |i_reg_1498                               |    7|   0|    7|          0|
    |indvar1_reg_1531                         |   13|   0|   13|          0|
    |indvar2_reg_1464                         |   17|   0|   17|          0|
    |indvar_flatten_next_reg_7340             |   12|   0|   12|          0|
    |indvar_flatten_reg_1476                  |   12|   0|   12|          0|
    |indvar_next2_reg_7305                    |   17|   0|   17|          0|
    |indvar_next_reg_7277                     |    6|   0|    6|          0|
    |indvar_reg_1428                          |    6|   0|    6|          0|
    |iterator_mid2_29_reg_7385                |   17|   0|   17|          0|
    |iterator_mid2_reg_7345                   |   17|   0|   17|          0|
    |iterator_reg_1487                        |   17|   0|   17|          0|
    |iterator_s_reg_1509                      |   17|   0|   17|          0|
    |j_1_7_reg_7405                           |    9|   0|    9|          0|
    |j_mid2_reg_7373                          |    9|   0|    9|          0|
    |j_reg_1520                               |    9|   0|    9|          0|
    |k_1_reg_7291                             |    2|   0|    2|          0|
    |k_reg_1440                               |    2|   0|    2|          0|
    |next_mul_reg_7282                        |   18|   0|   18|          0|
    |or_cond10_reg_7462                       |    1|   0|    1|          0|
    |or_cond11_reg_7466                       |    1|   0|    1|          0|
    |or_cond12_reg_7470                       |    1|   0|    1|          0|
    |or_cond13_reg_7474                       |    1|   0|    1|          0|
    |or_cond14_reg_7478                       |    1|   0|    1|          0|
    |or_cond15_reg_7482                       |    1|   0|    1|          0|
    |or_cond16_reg_7486                       |    1|   0|    1|          0|
    |or_cond17_reg_7490                       |    1|   0|    1|          0|
    |or_cond18_reg_7494                       |    1|   0|    1|          0|
    |or_cond19_reg_7498                       |    1|   0|    1|          0|
    |or_cond1_reg_7422                        |    1|   0|    1|          0|
    |or_cond20_reg_7502                       |    1|   0|    1|          0|
    |or_cond21_reg_7506                       |    1|   0|    1|          0|
    |or_cond22_reg_7510                       |    1|   0|    1|          0|
    |or_cond23_reg_7514                       |    1|   0|    1|          0|
    |or_cond24_reg_7518                       |    1|   0|    1|          0|
    |or_cond25_reg_7522                       |    1|   0|    1|          0|
    |or_cond26_reg_7526                       |    1|   0|    1|          0|
    |or_cond27_reg_7530                       |    1|   0|    1|          0|
    |or_cond28_reg_7534                       |    1|   0|    1|          0|
    |or_cond29_reg_7538                       |    1|   0|    1|          0|
    |or_cond2_reg_7446                        |    1|   0|    1|          0|
    |or_cond30_reg_7542                       |    1|   0|    1|          0|
    |or_cond31_reg_7546                       |    1|   0|    1|          0|
    |or_cond32_reg_7550                       |    1|   0|    1|          0|
    |or_cond33_reg_7554                       |    1|   0|    1|          0|
    |or_cond34_reg_7558                       |    1|   0|    1|          0|
    |or_cond35_reg_7562                       |    1|   0|    1|          0|
    |or_cond36_reg_7566                       |    1|   0|    1|          0|
    |or_cond37_reg_7570                       |    1|   0|    1|          0|
    |or_cond38_reg_7574                       |    1|   0|    1|          0|
    |or_cond39_reg_7578                       |    1|   0|    1|          0|
    |or_cond3_reg_7426                        |    1|   0|    1|          0|
    |or_cond40_reg_7582                       |    1|   0|    1|          0|
    |or_cond41_reg_7586                       |    1|   0|    1|          0|
    |or_cond42_reg_7590                       |    1|   0|    1|          0|
    |or_cond43_reg_7594                       |    1|   0|    1|          0|
    |or_cond44_reg_7598                       |    1|   0|    1|          0|
    |or_cond45_reg_7602                       |    1|   0|    1|          0|
    |or_cond46_reg_7606                       |    1|   0|    1|          0|
    |or_cond47_reg_7610                       |    1|   0|    1|          0|
    |or_cond48_reg_7614                       |    1|   0|    1|          0|
    |or_cond49_reg_7618                       |    1|   0|    1|          0|
    |or_cond4_reg_7450                        |    1|   0|    1|          0|
    |or_cond50_reg_7622                       |    1|   0|    1|          0|
    |or_cond51_reg_7626                       |    1|   0|    1|          0|
    |or_cond52_reg_7630                       |    1|   0|    1|          0|
    |or_cond53_reg_7634                       |    1|   0|    1|          0|
    |or_cond54_reg_7638                       |    1|   0|    1|          0|
    |or_cond55_reg_7642                       |    1|   0|    1|          0|
    |or_cond56_reg_7646                       |    1|   0|    1|          0|
    |or_cond57_reg_7650                       |    1|   0|    1|          0|
    |or_cond58_reg_7654                       |    1|   0|    1|          0|
    |or_cond59_reg_7658                       |    1|   0|    1|          0|
    |or_cond5_reg_7430                        |    1|   0|    1|          0|
    |or_cond60_reg_7662                       |    1|   0|    1|          0|
    |or_cond61_reg_7666                       |    1|   0|    1|          0|
    |or_cond62_reg_7670                       |    1|   0|    1|          0|
    |or_cond63_reg_7674                       |    1|   0|    1|          0|
    |or_cond64_reg_7678                       |    1|   0|    1|          0|
    |or_cond65_reg_7682                       |    1|   0|    1|          0|
    |or_cond66_reg_7686                       |    1|   0|    1|          0|
    |or_cond67_reg_7690                       |    1|   0|    1|          0|
    |or_cond68_reg_7694                       |    1|   0|    1|          0|
    |or_cond69_reg_7698                       |    1|   0|    1|          0|
    |or_cond6_reg_7454                        |    1|   0|    1|          0|
    |or_cond70_reg_7702                       |    1|   0|    1|          0|
    |or_cond71_reg_7706                       |    1|   0|    1|          0|
    |or_cond72_reg_7710                       |    1|   0|    1|          0|
    |or_cond73_reg_7714                       |    1|   0|    1|          0|
    |or_cond74_reg_7718                       |    1|   0|    1|          0|
    |or_cond75_reg_7722                       |    1|   0|    1|          0|
    |or_cond76_reg_7726                       |    1|   0|    1|          0|
    |or_cond77_reg_7730                       |    1|   0|    1|          0|
    |or_cond78_reg_7734                       |    1|   0|    1|          0|
    |or_cond79_reg_7738                       |    1|   0|    1|          0|
    |or_cond7_reg_7434                        |    1|   0|    1|          0|
    |or_cond8_reg_7458                        |    1|   0|    1|          0|
    |or_cond9_reg_7438                        |    1|   0|    1|          0|
    |or_cond_reg_7442                         |    1|   0|    1|          0|
    |p_shl1_cast_reg_7331                     |    2|   0|    7|          5|
    |p_shl_reg_7326                           |    2|   0|    8|          6|
    |phi_mul_reg_1452                         |   18|   0|   18|          0|
    |reg_1632                                 |    3|   0|    3|          0|
    |reg_1636                                 |    3|   0|    3|          0|
    |rgb_addr_10_reg_7934                     |   17|   0|   17|          0|
    |rgb_addr_11_reg_7940                     |   17|   0|   17|          0|
    |rgb_addr_12_reg_7946                     |   17|   0|   17|          0|
    |rgb_addr_13_reg_8002                     |   17|   0|   17|          0|
    |rgb_addr_14_reg_8008                     |   17|   0|   17|          0|
    |rgb_addr_15_reg_8014                     |   17|   0|   17|          0|
    |rgb_addr_16_reg_8070                     |   17|   0|   17|          0|
    |rgb_addr_17_reg_8076                     |   17|   0|   17|          0|
    |rgb_addr_18_reg_8082                     |   17|   0|   17|          0|
    |rgb_addr_19_reg_8138                     |   17|   0|   17|          0|
    |rgb_addr_1_reg_7410                      |   16|   0|   17|          1|
    |rgb_addr_20_reg_8144                     |   17|   0|   17|          0|
    |rgb_addr_21_reg_8150                     |   17|   0|   17|          0|
    |rgb_addr_22_reg_8206                     |   17|   0|   17|          0|
    |rgb_addr_23_reg_8212                     |   17|   0|   17|          0|
    |rgb_addr_24_reg_8218                     |   17|   0|   17|          0|
    |rgb_addr_2_reg_7416                      |   16|   0|   17|          1|
    |rgb_addr_3_reg_7742                      |   17|   0|   17|          0|
    |rgb_addr_4_reg_7798                      |   15|   0|   17|          2|
    |rgb_addr_5_reg_7804                      |   16|   0|   17|          1|
    |rgb_addr_6_reg_7810                      |   15|   0|   17|          2|
    |rgb_addr_7_reg_7866                      |   17|   0|   17|          0|
    |rgb_addr_8_reg_7872                      |   14|   0|   17|          3|
    |rgb_addr_9_reg_7878                      |   15|   0|   17|          2|
    |tmp_11_7_reg_7400                        |   17|   0|   17|          0|
    |tmp_17_cast_reg_7268                     |   31|   0|   32|          1|
    |tmp_17_reg_7310                          |    1|   0|    1|          0|
    |tmp_2_reg_7257                           |   31|   0|   31|          0|
    |tmp_3_35_reg_8338                        |   16|   0|   16|          0|
    |tmp_8_reg_7395                           |    8|   0|    8|          0|
    |tmp_reg_7252                             |   31|   0|   31|          0|
    |exitcond5_reg_7301                       |    0|   1|    1|          0|
    |indvar2_reg_1464                         |    0|  17|   17|          0|
    |tmp_17_reg_7310                          |    0|   1|    1|          0|
    +-----------------------------------------+-----+----+-----+-----------+
    |Total                                    | 2460|  19| 2504|         25|
    +-----------------------------------------+-----+----+-----+-----------+



================================================================
== Interface
================================================================
* Summary: 
+-------------------------+-----+-----+------------+--------------+--------------+
|        RTL Ports        | Dir | Bits|  Protocol  | Source Object|    C Type    |
+-------------------------+-----+-----+------------+--------------+--------------+
|s_axi_AXILiteS_AWVALID   |  in |    1|    s_axi   |   AXILiteS   |    scalar    |
|s_axi_AXILiteS_AWREADY   | out |    1|    s_axi   |   AXILiteS   |    scalar    |
|s_axi_AXILiteS_AWADDR    |  in |    6|    s_axi   |   AXILiteS   |    scalar    |
|s_axi_AXILiteS_WVALID    |  in |    1|    s_axi   |   AXILiteS   |    scalar    |
|s_axi_AXILiteS_WREADY    | out |    1|    s_axi   |   AXILiteS   |    scalar    |
|s_axi_AXILiteS_WDATA     |  in |   32|    s_axi   |   AXILiteS   |    scalar    |
|s_axi_AXILiteS_WSTRB     |  in |    4|    s_axi   |   AXILiteS   |    scalar    |
|s_axi_AXILiteS_ARVALID   |  in |    1|    s_axi   |   AXILiteS   |    scalar    |
|s_axi_AXILiteS_ARREADY   | out |    1|    s_axi   |   AXILiteS   |    scalar    |
|s_axi_AXILiteS_ARADDR    |  in |    6|    s_axi   |   AXILiteS   |    scalar    |
|s_axi_AXILiteS_RVALID    | out |    1|    s_axi   |   AXILiteS   |    scalar    |
|s_axi_AXILiteS_RREADY    |  in |    1|    s_axi   |   AXILiteS   |    scalar    |
|s_axi_AXILiteS_RDATA     | out |   32|    s_axi   |   AXILiteS   |    scalar    |
|s_axi_AXILiteS_RRESP     | out |    2|    s_axi   |   AXILiteS   |    scalar    |
|s_axi_AXILiteS_BVALID    | out |    1|    s_axi   |   AXILiteS   |    scalar    |
|s_axi_AXILiteS_BREADY    |  in |    1|    s_axi   |   AXILiteS   |    scalar    |
|s_axi_AXILiteS_BRESP     | out |    2|    s_axi   |   AXILiteS   |    scalar    |
|s_axi_CRTL_BUS_AWVALID   |  in |    1|    s_axi   |   CRTL_BUS   |  return void |
|s_axi_CRTL_BUS_AWREADY   | out |    1|    s_axi   |   CRTL_BUS   |  return void |
|s_axi_CRTL_BUS_AWADDR    |  in |    5|    s_axi   |   CRTL_BUS   |  return void |
|s_axi_CRTL_BUS_WVALID    |  in |    1|    s_axi   |   CRTL_BUS   |  return void |
|s_axi_CRTL_BUS_WREADY    | out |    1|    s_axi   |   CRTL_BUS   |  return void |
|s_axi_CRTL_BUS_WDATA     |  in |   32|    s_axi   |   CRTL_BUS   |  return void |
|s_axi_CRTL_BUS_WSTRB     |  in |    4|    s_axi   |   CRTL_BUS   |  return void |
|s_axi_CRTL_BUS_ARVALID   |  in |    1|    s_axi   |   CRTL_BUS   |  return void |
|s_axi_CRTL_BUS_ARREADY   | out |    1|    s_axi   |   CRTL_BUS   |  return void |
|s_axi_CRTL_BUS_ARADDR    |  in |    5|    s_axi   |   CRTL_BUS   |  return void |
|s_axi_CRTL_BUS_RVALID    | out |    1|    s_axi   |   CRTL_BUS   |  return void |
|s_axi_CRTL_BUS_RREADY    |  in |    1|    s_axi   |   CRTL_BUS   |  return void |
|s_axi_CRTL_BUS_RDATA     | out |   32|    s_axi   |   CRTL_BUS   |  return void |
|s_axi_CRTL_BUS_RRESP     | out |    2|    s_axi   |   CRTL_BUS   |  return void |
|s_axi_CRTL_BUS_BVALID    | out |    1|    s_axi   |   CRTL_BUS   |  return void |
|s_axi_CRTL_BUS_BREADY    |  in |    1|    s_axi   |   CRTL_BUS   |  return void |
|s_axi_CRTL_BUS_BRESP     | out |    2|    s_axi   |   CRTL_BUS   |  return void |
|ap_clk                   |  in |    1| ap_ctrl_hs |    feature   | return value |
|ap_rst_n                 |  in |    1| ap_ctrl_hs |    feature   | return value |
|interrupt                | out |    1| ap_ctrl_hs |    feature   | return value |
|m_axi_M_OFFSET_AWVALID   | out |    1|    m_axi   |   M_OFFSET   |    pointer   |
|m_axi_M_OFFSET_AWREADY   |  in |    1|    m_axi   |   M_OFFSET   |    pointer   |
|m_axi_M_OFFSET_AWADDR    | out |   32|    m_axi   |   M_OFFSET   |    pointer   |
|m_axi_M_OFFSET_AWID      | out |    1|    m_axi   |   M_OFFSET   |    pointer   |
|m_axi_M_OFFSET_AWLEN     | out |    8|    m_axi   |   M_OFFSET   |    pointer   |
|m_axi_M_OFFSET_AWSIZE    | out |    3|    m_axi   |   M_OFFSET   |    pointer   |
|m_axi_M_OFFSET_AWBURST   | out |    2|    m_axi   |   M_OFFSET   |    pointer   |
|m_axi_M_OFFSET_AWLOCK    | out |    2|    m_axi   |   M_OFFSET   |    pointer   |
|m_axi_M_OFFSET_AWCACHE   | out |    4|    m_axi   |   M_OFFSET   |    pointer   |
|m_axi_M_OFFSET_AWPROT    | out |    3|    m_axi   |   M_OFFSET   |    pointer   |
|m_axi_M_OFFSET_AWQOS     | out |    4|    m_axi   |   M_OFFSET   |    pointer   |
|m_axi_M_OFFSET_AWREGION  | out |    4|    m_axi   |   M_OFFSET   |    pointer   |
|m_axi_M_OFFSET_AWUSER    | out |    1|    m_axi   |   M_OFFSET   |    pointer   |
|m_axi_M_OFFSET_WVALID    | out |    1|    m_axi   |   M_OFFSET   |    pointer   |
|m_axi_M_OFFSET_WREADY    |  in |    1|    m_axi   |   M_OFFSET   |    pointer   |
|m_axi_M_OFFSET_WDATA     | out |   32|    m_axi   |   M_OFFSET   |    pointer   |
|m_axi_M_OFFSET_WSTRB     | out |    4|    m_axi   |   M_OFFSET   |    pointer   |
|m_axi_M_OFFSET_WLAST     | out |    1|    m_axi   |   M_OFFSET   |    pointer   |
|m_axi_M_OFFSET_WID       | out |    1|    m_axi   |   M_OFFSET   |    pointer   |
|m_axi_M_OFFSET_WUSER     | out |    1|    m_axi   |   M_OFFSET   |    pointer   |
|m_axi_M_OFFSET_ARVALID   | out |    1|    m_axi   |   M_OFFSET   |    pointer   |
|m_axi_M_OFFSET_ARREADY   |  in |    1|    m_axi   |   M_OFFSET   |    pointer   |
|m_axi_M_OFFSET_ARADDR    | out |   32|    m_axi   |   M_OFFSET   |    pointer   |
|m_axi_M_OFFSET_ARID      | out |    1|    m_axi   |   M_OFFSET   |    pointer   |
|m_axi_M_OFFSET_ARLEN     | out |    8|    m_axi   |   M_OFFSET   |    pointer   |
|m_axi_M_OFFSET_ARSIZE    | out |    3|    m_axi   |   M_OFFSET   |    pointer   |
|m_axi_M_OFFSET_ARBURST   | out |    2|    m_axi   |   M_OFFSET   |    pointer   |
|m_axi_M_OFFSET_ARLOCK    | out |    2|    m_axi   |   M_OFFSET   |    pointer   |
|m_axi_M_OFFSET_ARCACHE   | out |    4|    m_axi   |   M_OFFSET   |    pointer   |
|m_axi_M_OFFSET_ARPROT    | out |    3|    m_axi   |   M_OFFSET   |    pointer   |
|m_axi_M_OFFSET_ARQOS     | out |    4|    m_axi   |   M_OFFSET   |    pointer   |
|m_axi_M_OFFSET_ARREGION  | out |    4|    m_axi   |   M_OFFSET   |    pointer   |
|m_axi_M_OFFSET_ARUSER    | out |    1|    m_axi   |   M_OFFSET   |    pointer   |
|m_axi_M_OFFSET_RVALID    |  in |    1|    m_axi   |   M_OFFSET   |    pointer   |
|m_axi_M_OFFSET_RREADY    | out |    1|    m_axi   |   M_OFFSET   |    pointer   |
|m_axi_M_OFFSET_RDATA     |  in |   32|    m_axi   |   M_OFFSET   |    pointer   |
|m_axi_M_OFFSET_RLAST     |  in |    1|    m_axi   |   M_OFFSET   |    pointer   |
|m_axi_M_OFFSET_RID       |  in |    1|    m_axi   |   M_OFFSET   |    pointer   |
|m_axi_M_OFFSET_RUSER     |  in |    1|    m_axi   |   M_OFFSET   |    pointer   |
|m_axi_M_OFFSET_RRESP     |  in |    2|    m_axi   |   M_OFFSET   |    pointer   |
|m_axi_M_OFFSET_BVALID    |  in |    1|    m_axi   |   M_OFFSET   |    pointer   |
|m_axi_M_OFFSET_BREADY    | out |    1|    m_axi   |   M_OFFSET   |    pointer   |
|m_axi_M_OFFSET_BRESP     |  in |    2|    m_axi   |   M_OFFSET   |    pointer   |
|m_axi_M_OFFSET_BID       |  in |    1|    m_axi   |   M_OFFSET   |    pointer   |
|m_axi_M_OFFSET_BUSER     |  in |    1|    m_axi   |   M_OFFSET   |    pointer   |
+-------------------------+-----+-----+------------+--------------+--------------+

