

================================================================
== Vivado HLS Report for 'feature_Loop_memset_featureHist_proc1'
================================================================
* Date:           Sat Jan 13 16:48:10 2018

* Version:        2015.4 (Build 1412921 on Wed Nov 18 09:58:55 AM 2015)
* Project:        maxi_feature
* Solution:       solution1
* Product family: zynq
* Target device:  xc7z020clg484-1


================================================================
== Performance Estimates
================================================================
+ Timing (ns): 
    * Summary: 
    +--------+-------+----------+------------+
    |  Clock | Target| Estimated| Uncertainty|
    +--------+-------+----------+------------+
    |ap_clk  |  10.00|      8.75|        1.25|
    +--------+-------+----------+------------+

+ Latency (clock cycles): 
    * Summary: 
    +--------+--------+--------+--------+---------+
    |     Latency     |     Interval    | Pipeline|
    |   min  |   max  |   min  |   max  |   Type  |
    +--------+--------+--------+--------+---------+
    |  348393|  348393|  348393|  348393|   none  |
    +--------+--------+--------+--------+---------+

    + Detail: 
        * Instance: 
        N/A

        * Loop: 
        +----------------------+--------+--------+----------+-----------+-----------+------+----------+
        |                      |     Latency     | Iteration|  Initiation Interval  | Trip |          |
        |       Loop Name      |   min  |   max  |  Latency |  achieved |   target  | Count| Pipelined|
        +----------------------+--------+--------+----------+-----------+-----------+------+----------+
        |- memset_featureHist  |     511|     511|         1|          -|          -|   512|    no    |
        |- Loop 2              |  347880|  347880|      2899|          -|          -|   120|    no    |
        | + memcpy..frame_in   |    1921|    1921|         3|          1|          1|  1920|    yes   |
        | + Loop 2.2           |     966|     966|        19|         12|          1|    80|    yes   |
        +----------------------+--------+--------+----------+-----------+-----------+------+----------+



================================================================
== Utilization Estimates
================================================================
* Summary: 
+-----------------+---------+-------+--------+-------+
|       Name      | BRAM_18K| DSP48E|   FF   |  LUT  |
+-----------------+---------+-------+--------+-------+
|DSP              |        -|      1|       -|      -|
|Expression       |        -|      -|       0|    822|
|FIFO             |        -|      -|       -|      -|
|Instance         |        -|      -|       -|      -|
|Memory           |        1|      -|       0|      0|
|Multiplexer      |        -|      -|       -|    275|
|Register         |        -|      -|     474|      -|
+-----------------+---------+-------+--------+-------+
|Total            |        1|      1|     474|   1097|
+-----------------+---------+-------+--------+-------+
|Available        |      280|    220|  106400|  53200|
+-----------------+---------+-------+--------+-------+
|Utilization (%)  |    ~0   |   ~0  |   ~0   |      2|
+-----------------+---------+-------+--------+-------+

+ Detail: 
    * Instance: 
    N/A

    * DSP48: 
    +----------------------------------+-------------------------------+-----------+
    |             Instance             |             Module            | Expression|
    +----------------------------------+-------------------------------+-----------+
    |feature_mul_mul_18ns_16s_34_1_U7  |feature_mul_mul_18ns_16s_34_1  |  i0 * i1  |
    +----------------------------------+-------------------------------+-----------+

    * Memory: 
    +---------+---------------------------------------------+---------+---+----+------+-----+------+-------------+
    |  Memory |                    Module                   | BRAM_18K| FF| LUT| Words| Bits| Banks| W*Bits*Banks|
    +---------+---------------------------------------------+---------+---+----+------+-----+------+-------------+
    |rgb_i_U  |feature_Loop_memset_featureHist_proc1_rgb_i  |        1|  0|   0|  1920|    8|     1|        15360|
    +---------+---------------------------------------------+---------+---+----+------+-----+------+-------------+
    |Total    |                                             |        1|  0|   0|  1920|    8|     1|        15360|
    +---------+---------------------------------------------+---------+---+----+------+-----+------+-------------+

    * FIFO: 
    N/A

    * Expression: 
    +---------------------------------+----------+-------+---+----+------------+------------+
    |          Variable Name          | Operation| DSP48E| FF| LUT| Bitwidth P0| Bitwidth P1|
    +---------------------------------+----------+-------+---+----+------------+------------+
    |grp_fu_636_p2                    |     +    |      0|  0|  16|          16|           1|
    |grp_fu_644_p2                    |     +    |      0|  0|  16|          16|           1|
    |i_1211_i_fu_937_p2               |     +    |      0|  0|   2|           2|           1|
    |indvar_flatten_next_i_fu_895_p2  |     +    |      0|  0|   7|           7|           1|
    |indvar_next2_i_fu_774_p2         |     +    |      0|  0|  11|          11|           1|
    |indvarinc_i_fu_685_p2            |     +    |      0|  0|   9|           9|           1|
    |iterator_1_dup_i_fu_901_p2       |     +    |      0|  0|  11|          11|          10|
    |j_1_7_i_fu_980_p2                |     +    |      0|  0|   9|           9|           4|
    |k_fu_709_p2                      |     +    |      0|  0|   7|           7|           1|
    |tmp_17_2_i_fu_1291_p2            |     +    |      0|  0|  11|          11|           4|
    |tmp_17_3_i_fu_1346_p2            |     +    |      0|  0|  11|          11|           4|
    |tmp_17_4_i_fu_1401_p2            |     +    |      0|  0|  11|          11|           4|
    |tmp_17_5_i_fu_1431_p2            |     +    |      0|  0|  11|          11|           5|
    |tmp_17_6_i_fu_1486_p2            |     +    |      0|  0|  11|          11|           5|
    |tmp_17_7_i_fu_1541_p2            |     +    |      0|  0|  11|          11|           5|
    |tmp_22_3_i_fu_1361_p2            |     +    |      0|  0|  11|          11|           4|
    |tmp_22_4_i_fu_1411_p2            |     +    |      0|  0|  11|          11|           4|
    |tmp_22_5_i_fu_1471_p2            |     +    |      0|  0|  11|          11|           5|
    |tmp_22_6_i_fu_1496_p2            |     +    |      0|  0|  11|          11|           5|
    |tmp_22_7_i_fu_1556_p2            |     +    |      0|  0|  11|          11|           5|
    |tmp_2_fu_753_p2                  |     +    |      0|  0|  34|          34|          34|
    |tmp_34_2_i_fu_1356_p2            |     +    |      0|  0|  11|          11|           4|
    |tmp_34_3_i_fu_1421_p2            |     +    |      0|  0|  11|          11|           4|
    |tmp_34_4_i_fu_1466_p2            |     +    |      0|  0|  11|          11|           4|
    |tmp_34_5_i_fu_1531_p2            |     +    |      0|  0|  11|          11|           5|
    |tmp_34_6_i_fu_1551_p2            |     +    |      0|  0|  11|          11|           5|
    |tmp_34_7_i_fu_974_p2             |     +    |      0|  0|  11|          11|           5|
    |tmp_i_fu_955_p2                  |     +    |      0|  0|   9|           9|           9|
    |neg_mul_i_fu_839_p2              |     -    |      0|  0|  33|           1|          33|
    |neg_ti_i_fu_872_p2               |     -    |      0|  0|   9|           1|           9|
    |tmp_3_i_fu_739_p2                |     -    |      0|  0|  19|          19|          19|
    |tmp_5_i_fu_809_p2                |     -    |      0|  0|  16|          16|          16|
    |i_mid2_i_fu_943_p3               |  Select  |      0|  0|   2|           1|           2|
    |iterator_mid2_i_44_fu_929_p3     |  Select  |      0|  0|  11|           1|          11|
    |iterator_mid2_i_fu_913_p3        |  Select  |      0|  0|  11|           1|          11|
    |j_mid2_i_fu_921_p3               |  Select  |      0|  0|   9|           1|           1|
    |p_v_i_fu_861_p3                  |  Select  |      0|  0|  17|           1|          17|
    |tmp_32_i_fu_882_p3               |  Select  |      0|  0|   9|           1|           9|
    |ap_sig_bdd_144                   |    and   |      0|  0|   1|           1|           1|
    |exitcond1215_i_fu_907_p2         |   icmp   |      0|  0|   3|           9|           9|
    |exitcond3_i_fu_703_p2            |   icmp   |      0|  0|   3|           7|           5|
    |exitcond5_i_fu_768_p2            |   icmp   |      0|  0|   4|          11|           9|
    |exitcond_flatten_i_fu_889_p2     |   icmp   |      0|  0|   3|           7|           7|
    |tmp_10_i_fu_999_p2               |   icmp   |      0|  0|   6|          16|          16|
    |tmp_12_1_i_fu_1038_p2            |   icmp   |      0|  0|   6|          16|          16|
    |tmp_12_2_i_fu_1067_p2            |   icmp   |      0|  0|   6|          16|          16|
    |tmp_12_3_i_fu_1096_p2            |   icmp   |      0|  0|   6|          16|          16|
    |tmp_12_4_i_fu_1125_p2            |   icmp   |      0|  0|   6|          16|          16|
    |tmp_12_5_i_fu_1154_p2            |   icmp   |      0|  0|   6|          16|          16|
    |tmp_12_6_i_fu_1183_p2            |   icmp   |      0|  0|   6|          16|          16|
    |tmp_12_7_i_fu_1212_p2            |   icmp   |      0|  0|   6|          16|          16|
    |tmp_14_7_i_fu_969_p2             |   icmp   |      0|  0|   6|          17|          17|
    |tmp_16_1_i_fu_1048_p2            |   icmp   |      0|  0|   6|          16|          16|
    |tmp_16_2_i_fu_1077_p2            |   icmp   |      0|  0|   6|          16|          16|
    |tmp_16_3_i_fu_1106_p2            |   icmp   |      0|  0|   6|          16|          16|
    |tmp_16_4_i_fu_1135_p2            |   icmp   |      0|  0|   6|          16|          16|
    |tmp_16_5_i_fu_1164_p2            |   icmp   |      0|  0|   6|          16|          16|
    |tmp_16_6_i_fu_1193_p2            |   icmp   |      0|  0|   6|          16|          16|
    |tmp_16_7_i_fu_1222_p2            |   icmp   |      0|  0|   6|          16|          16|
    |tmp_2_i_fu_691_p2                |   icmp   |      0|  0|   3|           9|           2|
    |tmp_4_i_fu_964_p2                |   icmp   |      0|  0|   6|          17|          17|
    |tmp_6_i_fu_989_p2                |   icmp   |      0|  0|   6|          16|          16|
    |ap_sig_bdd_345                   |    or    |      0|  0|   1|           1|           1|
    |j_1_1_i_fu_1058_p2               |    or    |      0|  0|   9|           9|           2|
    |j_1_2_i_fu_1087_p2               |    or    |      0|  0|   9|           9|           2|
    |j_1_3_i_fu_1116_p2               |    or    |      0|  0|   9|           9|           3|
    |j_1_4_i_fu_1145_p2               |    or    |      0|  0|   9|           9|           3|
    |j_1_5_i_fu_1174_p2               |    or    |      0|  0|   9|           9|           3|
    |j_1_6_i_fu_1203_p2               |    or    |      0|  0|   9|           9|           3|
    |j_1_i_fu_1029_p2                 |    or    |      0|  0|   9|           9|           1|
    |or_cond10_i_fu_1169_p2           |    or    |      0|  0|   1|           1|           1|
    |or_cond11_i_fu_1159_p2           |    or    |      0|  0|   1|           1|           1|
    |or_cond12_i_fu_1198_p2           |    or    |      0|  0|   1|           1|           1|
    |or_cond13_i_fu_1188_p2           |    or    |      0|  0|   1|           1|           1|
    |or_cond14_i_fu_1227_p2           |    or    |      0|  0|   1|           1|           1|
    |or_cond15_i_fu_1217_p2           |    or    |      0|  0|   1|           1|           1|
    |or_cond1_i_fu_994_p2             |    or    |      0|  0|   1|           1|           1|
    |or_cond2_i_fu_1053_p2            |    or    |      0|  0|   1|           1|           1|
    |or_cond3_i_fu_1043_p2            |    or    |      0|  0|   1|           1|           1|
    |or_cond4_i_fu_1082_p2            |    or    |      0|  0|   1|           1|           1|
    |or_cond5_i_fu_1072_p2            |    or    |      0|  0|   1|           1|           1|
    |or_cond6_i_fu_1111_p2            |    or    |      0|  0|   1|           1|           1|
    |or_cond7_i_fu_1101_p2            |    or    |      0|  0|   1|           1|           1|
    |or_cond8_i_fu_1140_p2            |    or    |      0|  0|   1|           1|           1|
    |or_cond9_i_fu_1130_p2            |    or    |      0|  0|   1|           1|           1|
    |or_cond_i_fu_1004_p2             |    or    |      0|  0|   1|           1|           1|
    |tmp_17_1_i_fu_1236_p2            |    or    |      0|  0|  13|          11|           3|
    |tmp_17_i_fu_1009_p2              |    or    |      0|  0|  13|          11|           2|
    |tmp_22_1_i_fu_1276_p2            |    or    |      0|  0|  13|          11|           3|
    |tmp_22_2_i_fu_1301_p2            |    or    |      0|  0|  13|          11|           3|
    |tmp_22_i_49_fu_1260_p2           |    or    |      0|  0|   9|           9|           9|
    |tmp_22_i_fu_1019_p2              |    or    |      0|  0|  13|          11|           1|
    |tmp_31_1_i_fu_1325_p2            |    or    |      0|  0|   9|           9|           9|
    |tmp_31_2_i_fu_1390_p2            |    or    |      0|  0|   9|           9|           9|
    |tmp_31_3_i_fu_1455_p2            |    or    |      0|  0|   9|           9|           9|
    |tmp_31_4_i_fu_1520_p2            |    or    |      0|  0|   9|           9|           9|
    |tmp_31_5_i_fu_1585_p2            |    or    |      0|  0|   9|           9|           9|
    |tmp_31_6_i_fu_1609_p2            |    or    |      0|  0|   9|           9|           9|
    |tmp_31_7_i_fu_1632_p2            |    or    |      0|  0|   9|           9|           9|
    |tmp_34_1_i_fu_1336_p2            |    or    |      0|  0|  13|          11|           3|
    |tmp_34_i_fu_1271_p2              |    or    |      0|  0|  13|          11|           2|
    +---------------------------------+----------+-------+---+----+------------+------------+
    |Total                            |          |      0|  0| 822|         924|         715|
    +---------------------------------+----------+-------+---+----+------------+------------+

    * Multiplexer: 
    +---------------------------------------+----+-----------+-----+-----------+
    |                  Name                 | LUT| Input Size| Bits| Total Bits|
    +---------------------------------------+----+-----------+-----+-----------+
    |ap_NS_fsm                              |  21|         26|    1|         26|
    |ap_reg_ppiten_pp0_it2                  |   1|          2|    1|          2|
    |ap_sig_ioackin_m_axi_frame_in_ARREADY  |   1|          2|    1|          2|
    |featureHist_address0                   |  18|         10|    9|         90|
    |featureHist_address1                   |  18|          9|    9|         81|
    |featureHist_d0                         |  16|          4|   16|         64|
    |featureHist_d1                         |  16|          3|   16|         48|
    |i_i_phi_fu_587_p4                      |   2|          2|    2|          4|
    |i_i_reg_583                            |   2|          2|    2|          4|
    |indvar2_i_phi_fu_553_p4                |  11|          2|   11|         22|
    |indvar2_i_reg_549                      |  11|          2|   11|         22|
    |indvar_flatten_i_phi_fu_565_p4         |   7|          2|    7|         14|
    |indvar_flatten_i_reg_561               |   7|          2|    7|         14|
    |invdar_i_reg_526                       |   9|          2|    9|         18|
    |iterator_i_46_phi_fu_598_p4            |  11|          2|   11|         22|
    |iterator_i_46_reg_594                  |  11|          2|   11|         22|
    |iterator_i_phi_fu_576_p4               |  11|          2|   11|         22|
    |iterator_i_reg_572                     |  11|          2|   11|         22|
    |j_i_phi_fu_609_p4                      |   9|          2|    9|         18|
    |j_i_reg_605                            |   9|          2|    9|         18|
    |k_i_reg_537                            |   7|          2|    7|         14|
    |rgb_i_address0                         |  33|         13|   11|        143|
    |rgb_i_address1                         |  33|         14|   11|        154|
    +---------------------------------------+----+-----------+-----+-----------+
    |Total                                  | 275|        111|  193|        846|
    +---------------------------------------+----+-----------+-----+-----------+

    * Register: 
    +-------------------------------------------+----+----+-----+-----------+
    |                    Name                   | FF | LUT| Bits| Const Bits|
    +-------------------------------------------+----+----+-----+-----------+
    |ap_CS_fsm                                  |  25|   0|   25|          0|
    |ap_done_reg                                |   1|   0|    1|          0|
    |ap_reg_ioackin_m_axi_frame_in_ARREADY      |   1|   0|    1|          0|
    |ap_reg_ppiten_pp0_it0                      |   1|   0|    1|          0|
    |ap_reg_ppiten_pp0_it1                      |   1|   0|    1|          0|
    |ap_reg_ppiten_pp0_it2                      |   1|   0|    1|          0|
    |ap_reg_ppiten_pp1_it0                      |   1|   0|    1|          0|
    |ap_reg_ppiten_pp1_it1                      |   1|   0|    1|          0|
    |ap_reg_ppstg_exitcond5_i_reg_1722_pp0_it1  |   1|   0|    1|          0|
    |ap_reg_ppstg_indvar2_i_reg_549_pp0_it1     |  11|   0|   11|          0|
    |ap_reg_ppstg_or_cond10_i_reg_1904_pp1_it1  |   1|   0|    1|          0|
    |ap_reg_ppstg_or_cond11_i_reg_1900_pp1_it1  |   1|   0|    1|          0|
    |ap_reg_ppstg_or_cond12_i_reg_1912_pp1_it1  |   1|   0|    1|          0|
    |ap_reg_ppstg_or_cond13_i_reg_1908_pp1_it1  |   1|   0|    1|          0|
    |ap_reg_ppstg_or_cond14_i_reg_1920_pp1_it1  |   1|   0|    1|          0|
    |ap_reg_ppstg_or_cond15_i_reg_1916_pp1_it1  |   1|   0|    1|          0|
    |exitcond5_i_reg_1722                       |   1|   0|    1|          0|
    |exitcond_flatten_i_reg_1757                |   1|   0|    1|          0|
    |featureHist_addr_1_reg_1934                |   9|   0|    9|          0|
    |featureHist_addr_2_reg_1960                |   9|   0|    9|          0|
    |featureHist_addr_3_reg_1985                |   9|   0|    9|          0|
    |featureHist_addr_4_reg_2010                |   9|   0|    9|          0|
    |featureHist_addr_5_reg_2035                |   9|   0|    9|          0|
    |featureHist_addr_6_reg_2070                |   9|   0|    9|          0|
    |featureHist_addr_7_reg_2080                |   9|   0|    9|          0|
    |featureHist_addr_8_reg_2086                |   9|   0|    9|          0|
    |frame_in_addr_read_reg_1731                |   8|   0|    8|          0|
    |frame_in_addr_reg_1716                     |  32|   0|   32|          0|
    |i_i_reg_583                                |   2|   0|    2|          0|
    |i_mid2_i_reg_1811                          |   2|   0|    2|          0|
    |indvar2_i_reg_549                          |  11|   0|   11|          0|
    |indvar_flatten_i_reg_561                   |   7|   0|    7|          0|
    |indvar_flatten_next_i_reg_1761             |   7|   0|    7|          0|
    |indvar_next2_i_reg_1726                    |  11|   0|   11|          0|
    |invdar_i_reg_526                           |   9|   0|    9|          0|
    |iterator_i_46_reg_594                      |  11|   0|   11|          0|
    |iterator_i_reg_572                         |  11|   0|   11|          0|
    |iterator_mid2_i_44_reg_1806                |  11|   0|   11|          0|
    |iterator_mid2_i_reg_1766                   |  11|   0|   11|          0|
    |j_1_7_i_reg_1845                           |   9|   0|    9|          0|
    |j_i_reg_605                                |   9|   0|    9|          0|
    |j_mid2_i_reg_1794                          |   9|   0|    9|          0|
    |k_i_reg_537                                |   7|   0|    7|          0|
    |k_reg_1711                                 |   7|   0|    7|          0|
    |or_cond10_i_reg_1904                       |   1|   0|    1|          0|
    |or_cond11_i_reg_1900                       |   1|   0|    1|          0|
    |or_cond12_i_reg_1912                       |   1|   0|    1|          0|
    |or_cond13_i_reg_1908                       |   1|   0|    1|          0|
    |or_cond14_i_reg_1920                       |   1|   0|    1|          0|
    |or_cond15_i_reg_1916                       |   1|   0|    1|          0|
    |or_cond1_i_reg_1850                        |   1|   0|    1|          0|
    |or_cond2_i_reg_1872                        |   1|   0|    1|          0|
    |or_cond3_i_reg_1868                        |   1|   0|    1|          0|
    |or_cond4_i_reg_1880                        |   1|   0|    1|          0|
    |or_cond5_i_reg_1876                        |   1|   0|    1|          0|
    |or_cond6_i_reg_1888                        |   1|   0|    1|          0|
    |or_cond7_i_reg_1884                        |   1|   0|    1|          0|
    |or_cond8_i_reg_1896                        |   1|   0|    1|          0|
    |or_cond9_i_reg_1892                        |   1|   0|    1|          0|
    |or_cond_i_reg_1854                         |   1|   0|    1|          0|
    |reg_652                                    |   3|   0|    3|          0|
    |reg_656                                    |   3|   0|    3|          0|
    |reg_660                                    |   3|   0|    3|          0|
    |reg_664                                    |   3|   0|    3|          0|
    |reg_668                                    |   3|   0|    3|          0|
    |reg_672                                    |   3|   0|    3|          0|
    |tmp_13_7_cast_i_reg_1703                   |  16|   0|   17|          1|
    |tmp_14_7_i_reg_1828                        |   1|   0|    1|          0|
    |tmp_29_6_i_reg_2050                        |   3|   0|    3|          0|
    |tmp_29_7_i_reg_2075                        |   3|   0|    3|          0|
    |tmp_32_i_reg_1752                          |   9|   0|    9|          0|
    |tmp_34_7_i_reg_1840                        |  11|   0|   11|          0|
    |tmp_47_i_reg_2055                          |   3|   0|    3|          0|
    |tmp_4_i_reg_1816                           |   1|   0|    1|          0|
    |tmp_4_reg_1736                             |  33|   0|   33|          0|
    |tmp_5_reg_1741                             |   1|   0|    1|          0|
    |tmp_7_reg_1747                             |  11|   0|   11|          0|
    |tmp_91_cast_i_reg_1698                     |  16|   0|   17|          1|
    |tmp_cast_i_reg_1685                        |  34|   0|   34|          0|
    +-------------------------------------------+----+----+-----+-----------+
    |Total                                      | 474|   0|  476|          2|
    +-------------------------------------------+----+----+-----+-----------+



================================================================
== Interface
================================================================
* Summary: 
+-------------------------+-----+-----+------------+---------------------------------------+--------------+
|        RTL Ports        | Dir | Bits|  Protocol  |             Source Object             |    C Type    |
+-------------------------+-----+-----+------------+---------------------------------------+--------------+
|ap_clk                   |  in |    1| ap_ctrl_hs | feature_Loop_memset_featureHist_proc1 | return value |
|ap_rst                   |  in |    1| ap_ctrl_hs | feature_Loop_memset_featureHist_proc1 | return value |
|ap_start                 |  in |    1| ap_ctrl_hs | feature_Loop_memset_featureHist_proc1 | return value |
|ap_done                  | out |    1| ap_ctrl_hs | feature_Loop_memset_featureHist_proc1 | return value |
|ap_continue              |  in |    1| ap_ctrl_hs | feature_Loop_memset_featureHist_proc1 | return value |
|ap_idle                  | out |    1| ap_ctrl_hs | feature_Loop_memset_featureHist_proc1 | return value |
|ap_ready                 | out |    1| ap_ctrl_hs | feature_Loop_memset_featureHist_proc1 | return value |
|featureHist_address0     | out |    9|  ap_memory |              featureHist              |     array    |
|featureHist_ce0          | out |    1|  ap_memory |              featureHist              |     array    |
|featureHist_we0          | out |    1|  ap_memory |              featureHist              |     array    |
|featureHist_d0           | out |   16|  ap_memory |              featureHist              |     array    |
|featureHist_q0           |  in |   16|  ap_memory |              featureHist              |     array    |
|featureHist_address1     | out |    9|  ap_memory |              featureHist              |     array    |
|featureHist_ce1          | out |    1|  ap_memory |              featureHist              |     array    |
|featureHist_we1          | out |    1|  ap_memory |              featureHist              |     array    |
|featureHist_d1           | out |   16|  ap_memory |              featureHist              |     array    |
|featureHist_q1           |  in |   16|  ap_memory |              featureHist              |     array    |
|m_axi_frame_in_AWVALID   | out |    1|    m_axi   |                frame_in               |    pointer   |
|m_axi_frame_in_AWREADY   |  in |    1|    m_axi   |                frame_in               |    pointer   |
|m_axi_frame_in_AWADDR    | out |   32|    m_axi   |                frame_in               |    pointer   |
|m_axi_frame_in_AWID      | out |    1|    m_axi   |                frame_in               |    pointer   |
|m_axi_frame_in_AWLEN     | out |   32|    m_axi   |                frame_in               |    pointer   |
|m_axi_frame_in_AWSIZE    | out |    3|    m_axi   |                frame_in               |    pointer   |
|m_axi_frame_in_AWBURST   | out |    2|    m_axi   |                frame_in               |    pointer   |
|m_axi_frame_in_AWLOCK    | out |    2|    m_axi   |                frame_in               |    pointer   |
|m_axi_frame_in_AWCACHE   | out |    4|    m_axi   |                frame_in               |    pointer   |
|m_axi_frame_in_AWPROT    | out |    3|    m_axi   |                frame_in               |    pointer   |
|m_axi_frame_in_AWQOS     | out |    4|    m_axi   |                frame_in               |    pointer   |
|m_axi_frame_in_AWREGION  | out |    4|    m_axi   |                frame_in               |    pointer   |
|m_axi_frame_in_AWUSER    | out |    1|    m_axi   |                frame_in               |    pointer   |
|m_axi_frame_in_WVALID    | out |    1|    m_axi   |                frame_in               |    pointer   |
|m_axi_frame_in_WREADY    |  in |    1|    m_axi   |                frame_in               |    pointer   |
|m_axi_frame_in_WDATA     | out |    8|    m_axi   |                frame_in               |    pointer   |
|m_axi_frame_in_WSTRB     | out |    1|    m_axi   |                frame_in               |    pointer   |
|m_axi_frame_in_WLAST     | out |    1|    m_axi   |                frame_in               |    pointer   |
|m_axi_frame_in_WID       | out |    1|    m_axi   |                frame_in               |    pointer   |
|m_axi_frame_in_WUSER     | out |    1|    m_axi   |                frame_in               |    pointer   |
|m_axi_frame_in_ARVALID   | out |    1|    m_axi   |                frame_in               |    pointer   |
|m_axi_frame_in_ARREADY   |  in |    1|    m_axi   |                frame_in               |    pointer   |
|m_axi_frame_in_ARADDR    | out |   32|    m_axi   |                frame_in               |    pointer   |
|m_axi_frame_in_ARID      | out |    1|    m_axi   |                frame_in               |    pointer   |
|m_axi_frame_in_ARLEN     | out |   32|    m_axi   |                frame_in               |    pointer   |
|m_axi_frame_in_ARSIZE    | out |    3|    m_axi   |                frame_in               |    pointer   |
|m_axi_frame_in_ARBURST   | out |    2|    m_axi   |                frame_in               |    pointer   |
|m_axi_frame_in_ARLOCK    | out |    2|    m_axi   |                frame_in               |    pointer   |
|m_axi_frame_in_ARCACHE   | out |    4|    m_axi   |                frame_in               |    pointer   |
|m_axi_frame_in_ARPROT    | out |    3|    m_axi   |                frame_in               |    pointer   |
|m_axi_frame_in_ARQOS     | out |    4|    m_axi   |                frame_in               |    pointer   |
|m_axi_frame_in_ARREGION  | out |    4|    m_axi   |                frame_in               |    pointer   |
|m_axi_frame_in_ARUSER    | out |    1|    m_axi   |                frame_in               |    pointer   |
|m_axi_frame_in_RVALID    |  in |    1|    m_axi   |                frame_in               |    pointer   |
|m_axi_frame_in_RREADY    | out |    1|    m_axi   |                frame_in               |    pointer   |
|m_axi_frame_in_RDATA     |  in |    8|    m_axi   |                frame_in               |    pointer   |
|m_axi_frame_in_RLAST     |  in |    1|    m_axi   |                frame_in               |    pointer   |
|m_axi_frame_in_RID       |  in |    1|    m_axi   |                frame_in               |    pointer   |
|m_axi_frame_in_RUSER     |  in |    1|    m_axi   |                frame_in               |    pointer   |
|m_axi_frame_in_RRESP     |  in |    2|    m_axi   |                frame_in               |    pointer   |
|m_axi_frame_in_BVALID    |  in |    1|    m_axi   |                frame_in               |    pointer   |
|m_axi_frame_in_BREADY    | out |    1|    m_axi   |                frame_in               |    pointer   |
|m_axi_frame_in_BRESP     |  in |    2|    m_axi   |                frame_in               |    pointer   |
|m_axi_frame_in_BID       |  in |    1|    m_axi   |                frame_in               |    pointer   |
|m_axi_frame_in_BUSER     |  in |    1|    m_axi   |                frame_in               |    pointer   |
|frame_in1_dout           |  in |   32|   ap_fifo  |               frame_in1               |    pointer   |
|frame_in1_empty_n        |  in |    1|   ap_fifo  |               frame_in1               |    pointer   |
|frame_in1_read           | out |    1|   ap_fifo  |               frame_in1               |    pointer   |
|p_read                   |  in |   16|   ap_none  |                 p_read                |    scalar    |
|p_read1                  |  in |   16|   ap_none  |                p_read1                |    scalar    |
|p_read2                  |  in |   16|   ap_none  |                p_read2                |    scalar    |
|p_read3                  |  in |   16|   ap_none  |                p_read3                |    scalar    |
+-------------------------+-----+-----+------------+---------------------------------------+--------------+

