

================================================================
== Vivado HLS Report for 'feature'
================================================================
* Date:           Sat Jan 13 00:01:02 2018

* Version:        2015.4 (Build 1412921 on Wed Nov 18 09:58:55 AM 2015)
* Project:        maxi_feature
* Solution:       solution1
* Product family: zynq
* Target device:  xc7z020clg484-1


================================================================
== Performance Estimates
================================================================
+ Timing (ns): 
    * Summary: 
    +--------+-------+----------+------------+
    |  Clock | Target| Estimated| Uncertainty|
    +--------+-------+----------+------------+
    |ap_clk  |   4.00|      3.50|        0.50|
    +--------+-------+----------+------------+

+ Latency (clock cycles): 
    * Summary: 
    +-----+-----+--------+--------+----------+
    |  Latency  |     Interval    | Pipeline |
    | min | max |   min  |   max  |   Type   |
    +-----+-----+--------+--------+----------+
    |    1|    1|  351754|  351754| dataflow |
    +-----+-----+--------+--------+----------+

    + Detail: 
        * Instance: 
        +---------------------------------------------------+----------------------------------------+--------+--------+--------+--------+---------+
        |                                                   |                                        |     Latency     |     Interval    | Pipeline|
        |                      Instance                     |                 Module                 |   min  |   max  |   min  |   max  |   Type  |
        +---------------------------------------------------+----------------------------------------+--------+--------+--------+--------+---------+
        |grp_feature_Loop_memcpy_boundingBoxes_boun_fu_118  |feature_Loop_memcpy_boundingBoxes_boun  |      13|      13|      13|      13|   none  |
        |grp_feature_Loop_memset_featureHist_proc1_fu_106   |feature_Loop_memset_featureHist_proc1   |  351753|  351753|  351753|  351753|   none  |
        |grp_feature_Loop_memcpy_featureh_featureHi_fu_132  |feature_Loop_memcpy_featureh_featureHi  |     520|     520|     520|     520|   none  |
        +---------------------------------------------------+----------------------------------------+--------+--------+--------+--------+---------+

        * Loop: 
        N/A



================================================================
== Utilization Estimates
================================================================
* Summary: 
+-----------------+---------+-------+--------+-------+
|       Name      | BRAM_18K| DSP48E|   FF   |  LUT  |
+-----------------+---------+-------+--------+-------+
|DSP              |        -|      -|       -|      -|
|Expression       |        -|      -|       0|      1|
|FIFO             |        0|      -|      30|    200|
|Instance         |        1|      1|    2395|   3005|
|Memory           |        2|      -|       0|      0|
|Multiplexer      |        -|      -|       -|     10|
|Register         |        -|      -|      10|      -|
+-----------------+---------+-------+--------+-------+
|Total            |        3|      1|    2435|   3216|
+-----------------+---------+-------+--------+-------+
|Available        |      280|    220|  106400|  53200|
+-----------------+---------+-------+--------+-------+
|Utilization (%)  |        1|   ~0  |       2|      6|
+-----------------+---------+-------+--------+-------+

+ Detail: 
    * Instance: 
    +-------------------------------------------+----------------------------------------+---------+-------+-----+------+
    |                  Instance                 |                 Module                 | BRAM_18K| DSP48E|  FF |  LUT |
    +-------------------------------------------+----------------------------------------+---------+-------+-----+------+
    |feature_AXILiteS_s_axi_U                   |feature_AXILiteS_s_axi                  |        0|      0|  144|   232|
    |feature_CRTL_BUS_s_axi_U                   |feature_CRTL_BUS_s_axi                  |        0|      0|   36|    40|
    |feature_Loop_memcpy_boundingBoxes_boun_U0  |feature_Loop_memcpy_boundingBoxes_boun  |        0|      0|  104|   135|
    |feature_Loop_memcpy_featureh_featureHi_U0  |feature_Loop_memcpy_featureh_featureHi  |        0|      0|   73|    33|
    |feature_Loop_memset_featureHist_proc1_U0   |feature_Loop_memset_featureHist_proc1   |        1|      1|  942|  1165|
    |feature_gmem_m_axi_U                       |feature_gmem_m_axi                      |        0|      0|  548|   700|
    |feature_gmem_offset_m_axi_U                |feature_gmem_offset_m_axi               |        0|      0|  548|   700|
    +-------------------------------------------+----------------------------------------+---------+-------+-----+------+
    |Total                                      |                                        |        1|      1| 2395|  3005|
    +-------------------------------------------+----------------------------------------+---------+-------+-----+------+

    * DSP48: 
    N/A

    * Memory: 
    +---------------+---------------------+---------+---+----+------+-----+------+-------------+
    |     Memory    |        Module       | BRAM_18K| FF| LUT| Words| Bits| Banks| W*Bits*Banks|
    +---------------+---------------------+---------+---+----+------+-----+------+-------------+
    |featureHist_U  |feature_featureHist  |        2|  0|   0|   512|   16|     2|        16384|
    +---------------+---------------------+---------+---+----+------+-----+------+-------------+
    |Total          |                     |        2|  0|   0|   512|   16|     2|        16384|
    +---------------+---------------------+---------+---+----+------+-----+------+-------------+

    * FIFO: 
    +-------------------------------+---------+---+----+------+-----+---------+
    |              Name             | BRAM_18K| FF| LUT| Depth| Bits| Size:D*B|
    +-------------------------------+---------+---+----+------+-----+---------+
    |boundingBoxes_0_loc_channel_U  |        0|  5|  28|     2|   16|       32|
    |boundingBoxes_1_loc_channel_U  |        0|  5|  28|     2|   16|       32|
    |boundingBoxes_2_loc_channel_U  |        0|  5|  28|     2|   16|       32|
    |boundingBoxes_3_loc_channel_U  |        0|  5|  28|     2|   16|       32|
    |featureh_channel_U             |        0|  5|  44|     2|   32|       64|
    |frame_in_channel_U             |        0|  5|  44|     1|   32|       32|
    +-------------------------------+---------+---+----+------+-----+---------+
    |Total                          |        0| 30| 200|    11|  128|      224|
    +-------------------------------+---------+---+----+------+-----+---------+

    * Expression: 
    +---------------------------------------------------+----------+-------+---+----+------------+------------+
    |                   Variable Name                   | Operation| DSP48E| FF| LUT| Bitwidth P0| Bitwidth P1|
    +---------------------------------------------------+----------+-------+---+----+------------+------------+
    |feature_Loop_memset_featureHist_proc1_U0_ap_start  |    and   |      0|  0|   1|           1|           1|
    +---------------------------------------------------+----------+-------+---+----+------------+------------+
    |Total                                              |          |      0|  0|   1|           1|           1|
    +---------------------------------------------------+----------+-------+---+----+------------+------------+

    * Multiplexer: 
    +------------------------------------------------------------------------------------+----+-----------+-----+-----------+
    |                                        Name                                        | LUT| Input Size| Bits| Total Bits|
    +------------------------------------------------------------------------------------+----+-----------+-----+-----------+
    |ap_chn_write_feature_Loop_memcpy_boundingBoxes_boun_U0_boundingBoxes_0_loc_channel  |   1|          2|    1|          2|
    |ap_chn_write_feature_Loop_memcpy_boundingBoxes_boun_U0_boundingBoxes_1_loc_channel  |   1|          2|    1|          2|
    |ap_chn_write_feature_Loop_memcpy_boundingBoxes_boun_U0_boundingBoxes_2_loc_channel  |   1|          2|    1|          2|
    |ap_chn_write_feature_Loop_memcpy_boundingBoxes_boun_U0_boundingBoxes_3_loc_channel  |   1|          2|    1|          2|
    |ap_sig_ready_boundingBoxes_0_loc_channel_full_n                                     |   1|          2|    1|          2|
    |ap_sig_ready_boundingBoxes_1_loc_channel_full_n                                     |   1|          2|    1|          2|
    |ap_sig_ready_boundingBoxes_2_loc_channel_full_n                                     |   1|          2|    1|          2|
    |ap_sig_ready_boundingBoxes_3_loc_channel_full_n                                     |   1|          2|    1|          2|
    |ap_sig_ready_feature_Loop_memcpy_boundingBoxes_boun_U0_ap_ready                     |   1|          2|    1|          2|
    |ap_sig_ready_feature_Loop_memset_featureHist_proc1_U0_ap_ready                      |   1|          2|    1|          2|
    +------------------------------------------------------------------------------------+----+-----------+-----+-----------+
    |Total                                                                               |  10|         20|   10|         20|
    +------------------------------------------------------------------------------------+----+-----------+-----+-----------+

    * Register: 
    +-----------------------------------------------------------------+---+----+-----+-----------+
    |                               Name                              | FF| LUT| Bits| Const Bits|
    +-----------------------------------------------------------------+---+----+-----+-----------+
    |ap_CS                                                            |  1|   0|    1|          0|
    |ap_reg_procdone_feature_Loop_memcpy_boundingBoxes_boun_U0        |  1|   0|    1|          0|
    |ap_reg_procdone_feature_Loop_memcpy_featureh_featureHi_U0        |  1|   0|    1|          0|
    |ap_reg_procdone_feature_Loop_memset_featureHist_proc1_U0         |  1|   0|    1|          0|
    |ap_reg_ready_boundingBoxes_0_loc_channel_full_n                  |  1|   0|    1|          0|
    |ap_reg_ready_boundingBoxes_1_loc_channel_full_n                  |  1|   0|    1|          0|
    |ap_reg_ready_boundingBoxes_2_loc_channel_full_n                  |  1|   0|    1|          0|
    |ap_reg_ready_boundingBoxes_3_loc_channel_full_n                  |  1|   0|    1|          0|
    |ap_reg_ready_feature_Loop_memcpy_boundingBoxes_boun_U0_ap_ready  |  1|   0|    1|          0|
    |ap_reg_ready_feature_Loop_memset_featureHist_proc1_U0_ap_ready   |  1|   0|    1|          0|
    +-----------------------------------------------------------------+---+----+-----+-----------+
    |Total                                                            | 10|   0|   10|          0|
    +-----------------------------------------------------------------+---+----+-----+-----------+



================================================================
== Interface
================================================================
* Summary: 
+----------------------------+-----+-----+------------+--------------+--------------+
|          RTL Ports         | Dir | Bits|  Protocol  | Source Object|    C Type    |
+----------------------------+-----+-----+------------+--------------+--------------+
|s_axi_AXILiteS_AWVALID      |  in |    1|    s_axi   |   AXILiteS   |    scalar    |
|s_axi_AXILiteS_AWREADY      | out |    1|    s_axi   |   AXILiteS   |    scalar    |
|s_axi_AXILiteS_AWADDR       |  in |    6|    s_axi   |   AXILiteS   |    scalar    |
|s_axi_AXILiteS_WVALID       |  in |    1|    s_axi   |   AXILiteS   |    scalar    |
|s_axi_AXILiteS_WREADY       | out |    1|    s_axi   |   AXILiteS   |    scalar    |
|s_axi_AXILiteS_WDATA        |  in |   32|    s_axi   |   AXILiteS   |    scalar    |
|s_axi_AXILiteS_WSTRB        |  in |    4|    s_axi   |   AXILiteS   |    scalar    |
|s_axi_AXILiteS_ARVALID      |  in |    1|    s_axi   |   AXILiteS   |    scalar    |
|s_axi_AXILiteS_ARREADY      | out |    1|    s_axi   |   AXILiteS   |    scalar    |
|s_axi_AXILiteS_ARADDR       |  in |    6|    s_axi   |   AXILiteS   |    scalar    |
|s_axi_AXILiteS_RVALID       | out |    1|    s_axi   |   AXILiteS   |    scalar    |
|s_axi_AXILiteS_RREADY       |  in |    1|    s_axi   |   AXILiteS   |    scalar    |
|s_axi_AXILiteS_RDATA        | out |   32|    s_axi   |   AXILiteS   |    scalar    |
|s_axi_AXILiteS_RRESP        | out |    2|    s_axi   |   AXILiteS   |    scalar    |
|s_axi_AXILiteS_BVALID       | out |    1|    s_axi   |   AXILiteS   |    scalar    |
|s_axi_AXILiteS_BREADY       |  in |    1|    s_axi   |   AXILiteS   |    scalar    |
|s_axi_AXILiteS_BRESP        | out |    2|    s_axi   |   AXILiteS   |    scalar    |
|s_axi_CRTL_BUS_AWVALID      |  in |    1|    s_axi   |   CRTL_BUS   |  return void |
|s_axi_CRTL_BUS_AWREADY      | out |    1|    s_axi   |   CRTL_BUS   |  return void |
|s_axi_CRTL_BUS_AWADDR       |  in |    5|    s_axi   |   CRTL_BUS   |  return void |
|s_axi_CRTL_BUS_WVALID       |  in |    1|    s_axi   |   CRTL_BUS   |  return void |
|s_axi_CRTL_BUS_WREADY       | out |    1|    s_axi   |   CRTL_BUS   |  return void |
|s_axi_CRTL_BUS_WDATA        |  in |   32|    s_axi   |   CRTL_BUS   |  return void |
|s_axi_CRTL_BUS_WSTRB        |  in |    4|    s_axi   |   CRTL_BUS   |  return void |
|s_axi_CRTL_BUS_ARVALID      |  in |    1|    s_axi   |   CRTL_BUS   |  return void |
|s_axi_CRTL_BUS_ARREADY      | out |    1|    s_axi   |   CRTL_BUS   |  return void |
|s_axi_CRTL_BUS_ARADDR       |  in |    5|    s_axi   |   CRTL_BUS   |  return void |
|s_axi_CRTL_BUS_RVALID       | out |    1|    s_axi   |   CRTL_BUS   |  return void |
|s_axi_CRTL_BUS_RREADY       |  in |    1|    s_axi   |   CRTL_BUS   |  return void |
|s_axi_CRTL_BUS_RDATA        | out |   32|    s_axi   |   CRTL_BUS   |  return void |
|s_axi_CRTL_BUS_RRESP        | out |    2|    s_axi   |   CRTL_BUS   |  return void |
|s_axi_CRTL_BUS_BVALID       | out |    1|    s_axi   |   CRTL_BUS   |  return void |
|s_axi_CRTL_BUS_BREADY       |  in |    1|    s_axi   |   CRTL_BUS   |  return void |
|s_axi_CRTL_BUS_BRESP        | out |    2|    s_axi   |   CRTL_BUS   |  return void |
|ap_clk                      |  in |    1| ap_ctrl_hs |    feature   | return value |
|ap_rst_n                    |  in |    1| ap_ctrl_hs |    feature   | return value |
|interrupt                   | out |    1| ap_ctrl_hs |    feature   | return value |
|m_axi_gmem_AWVALID          | out |    1|    m_axi   |     gmem     |    pointer   |
|m_axi_gmem_AWREADY          |  in |    1|    m_axi   |     gmem     |    pointer   |
|m_axi_gmem_AWADDR           | out |   32|    m_axi   |     gmem     |    pointer   |
|m_axi_gmem_AWID             | out |    1|    m_axi   |     gmem     |    pointer   |
|m_axi_gmem_AWLEN            | out |    8|    m_axi   |     gmem     |    pointer   |
|m_axi_gmem_AWSIZE           | out |    3|    m_axi   |     gmem     |    pointer   |
|m_axi_gmem_AWBURST          | out |    2|    m_axi   |     gmem     |    pointer   |
|m_axi_gmem_AWLOCK           | out |    2|    m_axi   |     gmem     |    pointer   |
|m_axi_gmem_AWCACHE          | out |    4|    m_axi   |     gmem     |    pointer   |
|m_axi_gmem_AWPROT           | out |    3|    m_axi   |     gmem     |    pointer   |
|m_axi_gmem_AWQOS            | out |    4|    m_axi   |     gmem     |    pointer   |
|m_axi_gmem_AWREGION         | out |    4|    m_axi   |     gmem     |    pointer   |
|m_axi_gmem_AWUSER           | out |    1|    m_axi   |     gmem     |    pointer   |
|m_axi_gmem_WVALID           | out |    1|    m_axi   |     gmem     |    pointer   |
|m_axi_gmem_WREADY           |  in |    1|    m_axi   |     gmem     |    pointer   |
|m_axi_gmem_WDATA            | out |   32|    m_axi   |     gmem     |    pointer   |
|m_axi_gmem_WSTRB            | out |    4|    m_axi   |     gmem     |    pointer   |
|m_axi_gmem_WLAST            | out |    1|    m_axi   |     gmem     |    pointer   |
|m_axi_gmem_WID              | out |    1|    m_axi   |     gmem     |    pointer   |
|m_axi_gmem_WUSER            | out |    1|    m_axi   |     gmem     |    pointer   |
|m_axi_gmem_ARVALID          | out |    1|    m_axi   |     gmem     |    pointer   |
|m_axi_gmem_ARREADY          |  in |    1|    m_axi   |     gmem     |    pointer   |
|m_axi_gmem_ARADDR           | out |   32|    m_axi   |     gmem     |    pointer   |
|m_axi_gmem_ARID             | out |    1|    m_axi   |     gmem     |    pointer   |
|m_axi_gmem_ARLEN            | out |    8|    m_axi   |     gmem     |    pointer   |
|m_axi_gmem_ARSIZE           | out |    3|    m_axi   |     gmem     |    pointer   |
|m_axi_gmem_ARBURST          | out |    2|    m_axi   |     gmem     |    pointer   |
|m_axi_gmem_ARLOCK           | out |    2|    m_axi   |     gmem     |    pointer   |
|m_axi_gmem_ARCACHE          | out |    4|    m_axi   |     gmem     |    pointer   |
|m_axi_gmem_ARPROT           | out |    3|    m_axi   |     gmem     |    pointer   |
|m_axi_gmem_ARQOS            | out |    4|    m_axi   |     gmem     |    pointer   |
|m_axi_gmem_ARREGION         | out |    4|    m_axi   |     gmem     |    pointer   |
|m_axi_gmem_ARUSER           | out |    1|    m_axi   |     gmem     |    pointer   |
|m_axi_gmem_RVALID           |  in |    1|    m_axi   |     gmem     |    pointer   |
|m_axi_gmem_RREADY           | out |    1|    m_axi   |     gmem     |    pointer   |
|m_axi_gmem_RDATA            |  in |   32|    m_axi   |     gmem     |    pointer   |
|m_axi_gmem_RLAST            |  in |    1|    m_axi   |     gmem     |    pointer   |
|m_axi_gmem_RID              |  in |    1|    m_axi   |     gmem     |    pointer   |
|m_axi_gmem_RUSER            |  in |    1|    m_axi   |     gmem     |    pointer   |
|m_axi_gmem_RRESP            |  in |    2|    m_axi   |     gmem     |    pointer   |
|m_axi_gmem_BVALID           |  in |    1|    m_axi   |     gmem     |    pointer   |
|m_axi_gmem_BREADY           | out |    1|    m_axi   |     gmem     |    pointer   |
|m_axi_gmem_BRESP            |  in |    2|    m_axi   |     gmem     |    pointer   |
|m_axi_gmem_BID              |  in |    1|    m_axi   |     gmem     |    pointer   |
|m_axi_gmem_BUSER            |  in |    1|    m_axi   |     gmem     |    pointer   |
|m_axi_gmem_offset_AWVALID   | out |    1|    m_axi   |  gmem_offset |    pointer   |
|m_axi_gmem_offset_AWREADY   |  in |    1|    m_axi   |  gmem_offset |    pointer   |
|m_axi_gmem_offset_AWADDR    | out |   32|    m_axi   |  gmem_offset |    pointer   |
|m_axi_gmem_offset_AWID      | out |    1|    m_axi   |  gmem_offset |    pointer   |
|m_axi_gmem_offset_AWLEN     | out |    8|    m_axi   |  gmem_offset |    pointer   |
|m_axi_gmem_offset_AWSIZE    | out |    3|    m_axi   |  gmem_offset |    pointer   |
|m_axi_gmem_offset_AWBURST   | out |    2|    m_axi   |  gmem_offset |    pointer   |
|m_axi_gmem_offset_AWLOCK    | out |    2|    m_axi   |  gmem_offset |    pointer   |
|m_axi_gmem_offset_AWCACHE   | out |    4|    m_axi   |  gmem_offset |    pointer   |
|m_axi_gmem_offset_AWPROT    | out |    3|    m_axi   |  gmem_offset |    pointer   |
|m_axi_gmem_offset_AWQOS     | out |    4|    m_axi   |  gmem_offset |    pointer   |
|m_axi_gmem_offset_AWREGION  | out |    4|    m_axi   |  gmem_offset |    pointer   |
|m_axi_gmem_offset_AWUSER    | out |    1|    m_axi   |  gmem_offset |    pointer   |
|m_axi_gmem_offset_WVALID    | out |    1|    m_axi   |  gmem_offset |    pointer   |
|m_axi_gmem_offset_WREADY    |  in |    1|    m_axi   |  gmem_offset |    pointer   |
|m_axi_gmem_offset_WDATA     | out |   32|    m_axi   |  gmem_offset |    pointer   |
|m_axi_gmem_offset_WSTRB     | out |    4|    m_axi   |  gmem_offset |    pointer   |
|m_axi_gmem_offset_WLAST     | out |    1|    m_axi   |  gmem_offset |    pointer   |
|m_axi_gmem_offset_WID       | out |    1|    m_axi   |  gmem_offset |    pointer   |
|m_axi_gmem_offset_WUSER     | out |    1|    m_axi   |  gmem_offset |    pointer   |
|m_axi_gmem_offset_ARVALID   | out |    1|    m_axi   |  gmem_offset |    pointer   |
|m_axi_gmem_offset_ARREADY   |  in |    1|    m_axi   |  gmem_offset |    pointer   |
|m_axi_gmem_offset_ARADDR    | out |   32|    m_axi   |  gmem_offset |    pointer   |
|m_axi_gmem_offset_ARID      | out |    1|    m_axi   |  gmem_offset |    pointer   |
|m_axi_gmem_offset_ARLEN     | out |    8|    m_axi   |  gmem_offset |    pointer   |
|m_axi_gmem_offset_ARSIZE    | out |    3|    m_axi   |  gmem_offset |    pointer   |
|m_axi_gmem_offset_ARBURST   | out |    2|    m_axi   |  gmem_offset |    pointer   |
|m_axi_gmem_offset_ARLOCK    | out |    2|    m_axi   |  gmem_offset |    pointer   |
|m_axi_gmem_offset_ARCACHE   | out |    4|    m_axi   |  gmem_offset |    pointer   |
|m_axi_gmem_offset_ARPROT    | out |    3|    m_axi   |  gmem_offset |    pointer   |
|m_axi_gmem_offset_ARQOS     | out |    4|    m_axi   |  gmem_offset |    pointer   |
|m_axi_gmem_offset_ARREGION  | out |    4|    m_axi   |  gmem_offset |    pointer   |
|m_axi_gmem_offset_ARUSER    | out |    1|    m_axi   |  gmem_offset |    pointer   |
|m_axi_gmem_offset_RVALID    |  in |    1|    m_axi   |  gmem_offset |    pointer   |
|m_axi_gmem_offset_RREADY    | out |    1|    m_axi   |  gmem_offset |    pointer   |
|m_axi_gmem_offset_RDATA     |  in |   32|    m_axi   |  gmem_offset |    pointer   |
|m_axi_gmem_offset_RLAST     |  in |    1|    m_axi   |  gmem_offset |    pointer   |
|m_axi_gmem_offset_RID       |  in |    1|    m_axi   |  gmem_offset |    pointer   |
|m_axi_gmem_offset_RUSER     |  in |    1|    m_axi   |  gmem_offset |    pointer   |
|m_axi_gmem_offset_RRESP     |  in |    2|    m_axi   |  gmem_offset |    pointer   |
|m_axi_gmem_offset_BVALID    |  in |    1|    m_axi   |  gmem_offset |    pointer   |
|m_axi_gmem_offset_BREADY    | out |    1|    m_axi   |  gmem_offset |    pointer   |
|m_axi_gmem_offset_BRESP     |  in |    2|    m_axi   |  gmem_offset |    pointer   |
|m_axi_gmem_offset_BID       |  in |    1|    m_axi   |  gmem_offset |    pointer   |
|m_axi_gmem_offset_BUSER     |  in |    1|    m_axi   |  gmem_offset |    pointer   |
+----------------------------+-----+-----+------------+--------------+--------------+

