

================================================================
== Vivado HLS Report for 'feature'
================================================================
* Date:           Sat Jan 13 00:01:02 2018

* Version:        2015.4 (Build 1412921 on Wed Nov 18 09:58:55 AM 2015)
* Project:        maxi_feature
* Solution:       solution1
* Product family: zynq
* Target device:  xc7z020clg484-1


================================================================
== Performance Estimates
================================================================
+ Timing (ns): 
    * Summary: 
    +--------+-------+----------+------------+
    |  Clock | Target| Estimated| Uncertainty|
    +--------+-------+----------+------------+
    |ap_clk  |   4.00|      3.50|        0.50|
    +--------+-------+----------+------------+

+ Latency (clock cycles): 
    * Summary: 
    +-----+-----+--------+--------+----------+
    |  Latency  |     Interval    | Pipeline |
    | min | max |   min  |   max  |   Type   |
    +-----+-----+--------+--------+----------+
    |    1|    1|  351754|  351754| dataflow |
    +-----+-----+--------+--------+----------+

    + Detail: 
        * Instance: 
        N/A

        * Loop: 
        N/A

============================================================
+ Verbose Summary: Synthesis Manager
============================================================
InlineROM: 1
ExposeGlobal: 0
============================================================
+ Verbose Summary: CDFG Model
============================================================
IsTopModel: 1
ResetActiveHigh: 1
IsCombinational: 2
IsDatapathOnly: 0
HasWiredReturn: 1
HasMFsm: 0
HasVarLatency: 1
IsPipeline: 0
IsRtlPipelined: 0
IsInstanceOverlapped: 0
IsDontTouch: 0
HasImplIP: 0
IsGatedGlobalClock: 0


============================================================
+ Verbose Summary: Schedule
============================================================
* Number of FSM states: 6
* Pipeline: 0
* Dataflow Pipeline: 1
  DF-Pipeline-0: Size = 6, States = { 1 2 3 4 5 6 }

* FSM state transitions: 
1 --> 
	2  / true
2 --> 
	3  / true
3 --> 
	4  / true
4 --> 
	5  / true
5 --> 
	6  / true
6 --> 
* FSM state operations: 

 <State 1>: 2.71ns
ST_1: featureh_read [1/1] 1.00ns
codeRepl:0  %featureh_read = call i32 @_ssdm_op_Read.s_axilite.i32(i32 %featureh)

ST_1: bounding_read [1/1] 1.00ns
codeRepl:1  %bounding_read = call i32 @_ssdm_op_Read.s_axilite.i32(i32 %bounding)

ST_1: frame_in_read [1/1] 1.00ns
codeRepl:2  %frame_in_read = call i32 @_ssdm_op_Read.s_axilite.i32(i32 %frame_in)

ST_1: featureh_channel [1/1] 0.00ns
codeRepl:3  %featureh_channel = alloca i32, align 4

ST_1: frame_in_channel [1/1] 0.00ns
codeRepl:4  %frame_in_channel = alloca i32, align 4

ST_1: featureHist [1/1] 2.71ns
codeRepl:9  %featureHist = alloca [512 x i16], align 16

ST_1: tmp [2/2] 1.00ns
codeRepl:20  %tmp = call fastcc { i16, i16, i16, i16 } @feature_Loop_memcpy.boundingBoxes.boun(i16* %gmem_offset, i32 %bounding_read, i32 %frame_in_read, i32 %featureh_read, i32* %frame_in_channel, i32* %featureh_channel)


 <State 2>: 0.00ns
ST_2: tmp [1/2] 0.00ns
codeRepl:20  %tmp = call fastcc { i16, i16, i16, i16 } @feature_Loop_memcpy.boundingBoxes.boun(i16* %gmem_offset, i32 %bounding_read, i32 %frame_in_read, i32 %featureh_read, i32* %frame_in_channel, i32* %featureh_channel)

ST_2: boundingBoxes_3_loc_channel [1/1] 0.00ns
codeRepl:21  %boundingBoxes_3_loc_channel = extractvalue { i16, i16, i16, i16 } %tmp, 0

ST_2: boundingBoxes_2_loc_channel [1/1] 0.00ns
codeRepl:22  %boundingBoxes_2_loc_channel = extractvalue { i16, i16, i16, i16 } %tmp, 1

ST_2: boundingBoxes_1_loc_channel [1/1] 0.00ns
codeRepl:23  %boundingBoxes_1_loc_channel = extractvalue { i16, i16, i16, i16 } %tmp, 2

ST_2: boundingBoxes_0_loc_channel [1/1] 0.00ns
codeRepl:24  %boundingBoxes_0_loc_channel = extractvalue { i16, i16, i16, i16 } %tmp, 3


 <State 3>: 0.00ns
ST_3: stg_19 [2/2] 0.00ns
codeRepl:25  call fastcc void @feature_Loop_memset_featureHist_proc1([512 x i16]* nocapture %featureHist, i8* %gmem, i32* nocapture %frame_in_channel, i16 %boundingBoxes_0_loc_channel, i16 %boundingBoxes_3_loc_channel, i16 %boundingBoxes_2_loc_channel, i16 %boundingBoxes_1_loc_channel)


 <State 4>: 0.00ns
ST_4: stg_20 [1/2] 0.00ns
codeRepl:25  call fastcc void @feature_Loop_memset_featureHist_proc1([512 x i16]* nocapture %featureHist, i8* %gmem, i32* nocapture %frame_in_channel, i16 %boundingBoxes_0_loc_channel, i16 %boundingBoxes_3_loc_channel, i16 %boundingBoxes_2_loc_channel, i16 %boundingBoxes_1_loc_channel)


 <State 5>: 0.00ns
ST_5: stg_21 [2/2] 0.00ns
codeRepl:26  call fastcc void @feature_Loop_memcpy.featureh.featureHi(i16* %gmem_offset, i32* nocapture %featureh_channel, [512 x i16]* nocapture %featureHist)


 <State 6>: 0.00ns
ST_6: stg_22 [1/1] 0.00ns
codeRepl:5  call void (...)* @_ssdm_op_SpecBitsMap(i16* %gmem_offset), !map !12

ST_6: stg_23 [1/1] 0.00ns
codeRepl:6  call void (...)* @_ssdm_op_SpecBitsMap(i8* %gmem), !map !21

ST_6: stg_24 [1/1] 0.00ns
codeRepl:7  call void (...)* @_ssdm_op_SpecDataflowPipeline(i32 -1, [1 x i8]* @p_str1807) nounwind

ST_6: stg_25 [1/1] 0.00ns
codeRepl:8  call void (...)* @_ssdm_op_SpecTopModule([8 x i8]* @feature_str) nounwind

ST_6: stg_26 [1/1] 0.00ns
codeRepl:10  call void (...)* @_ssdm_op_SpecInterface(i32 0, [10 x i8]* @p_str1805, i32 0, i32 0, i32 0, i32 0, [9 x i8]* @p_str1806, [1 x i8]* @p_str1807, [1 x i8]* @p_str1807, [1 x i8]* @p_str1807) nounwind

ST_6: stg_27 [1/1] 0.00ns
codeRepl:11  call void (...)* @_ssdm_op_SpecInterface(i32 %featureh, [10 x i8]* @mode3, i32 0, i32 0, i32 0, i32 5120, [1 x i8]* @bundle4, [6 x i8]* @p_str1809, [1 x i8]* @p_str1807, [1 x i8]* @p_str1807) nounwind

ST_6: stg_28 [1/1] 0.00ns
codeRepl:12  call void (...)* @_ssdm_op_SpecInterface(i16* %gmem_offset, [6 x i8]* @p_str1808, i32 0, i32 0, i32 0, i32 40, [1 x i8]* @p_str1807, [6 x i8]* @p_str1809, [1 x i8]* @p_str1807, [1 x i8]* @p_str1807) nounwind

ST_6: stg_29 [1/1] 0.00ns
codeRepl:13  call void (...)* @_ssdm_op_SpecInterface(i32 %bounding, [10 x i8]* @mode1, i32 0, i32 0, i32 0, i32 40, [1 x i8]* @bundle2, [6 x i8]* @p_str1809, [1 x i8]* @p_str1807, [1 x i8]* @p_str1807) nounwind

ST_6: stg_30 [1/1] 0.00ns
codeRepl:14  call void (...)* @_ssdm_op_SpecInterface(i8* %gmem, [6 x i8]* @p_str1808, i32 0, i32 0, i32 0, i32 230400, [1 x i8]* @p_str1807, [6 x i8]* @p_str1809, [1 x i8]* @p_str1807, [1 x i8]* @p_str1807) nounwind

ST_6: stg_31 [1/1] 0.00ns
codeRepl:15  call void (...)* @_ssdm_op_SpecInterface(i32 %frame_in, [10 x i8]* @mode, i32 0, i32 0, i32 0, i32 230400, [1 x i8]* @bundle, [6 x i8]* @p_str1809, [1 x i8]* @p_str1807, [1 x i8]* @p_str1807) nounwind

ST_6: empty [1/1] 0.00ns
codeRepl:16  %empty = call i32 (...)* @_ssdm_op_SpecChannel([17 x i8]* @frame_in_channel_str, i32 1, [1 x i8]* @p_str, [1 x i8]* @p_str, i32 1, i32 0, i32* %frame_in_channel, i32* %frame_in_channel)

ST_6: stg_33 [1/1] 0.00ns
codeRepl:17  call void (...)* @_ssdm_op_SpecInterface(i32* %frame_in_channel, [8 x i8]* @ap_fifo_str, i32 0, i32 0, i32 0, i32 0, [1 x i8]* @p_str, [1 x i8]* @p_str, [1 x i8]* @p_str, [1 x i8]* @p_str)

ST_6: empty_12 [1/1] 0.00ns
codeRepl:18  %empty_12 = call i32 (...)* @_ssdm_op_SpecChannel([17 x i8]* @featureh_channel_str, i32 1, [1 x i8]* @p_str, [1 x i8]* @p_str, i32 2, i32 0, i32* %featureh_channel, i32* %featureh_channel)

ST_6: stg_35 [1/1] 0.00ns
codeRepl:19  call void (...)* @_ssdm_op_SpecInterface(i32* %featureh_channel, [8 x i8]* @ap_fifo_str, i32 0, i32 0, i32 0, i32 0, [1 x i8]* @p_str, [1 x i8]* @p_str, [1 x i8]* @p_str, [1 x i8]* @p_str)

ST_6: stg_36 [1/2] 0.00ns
codeRepl:26  call fastcc void @feature_Loop_memcpy.featureh.featureHi(i16* %gmem_offset, i32* nocapture %featureh_channel, [512 x i16]* nocapture %featureHist)

ST_6: stg_37 [1/1] 0.00ns
codeRepl:27  ret void



============================================================
+ Verbose Summary: Binding
============================================================
STG Binding: 
---------------- STG Properties BEGIN ----------------
- Is combinational: 0
- Is one-state seq: 0
- Is datapath-only: 0
- Is clock enabled: 0
- Is pipelined: 0
- Is top level: 1
Port [ Return ] is wired: 1; IO mode=ap_ctrl_hs:ce=0
Port [ gmem]:  wired=1; compound=1; hidden=0; nouse=0; global=0; static=0; extern=0; dir=0; type=4; mode=0x7f98cf536d00; pingpong=0; private_global=0; IO mode=m_axi:ce=0
Port [ gmem_offset]:  wired=1; compound=1; hidden=0; nouse=0; global=0; static=0; extern=0; dir=2; type=4; mode=0x7f98ce8fe4f0; pingpong=0; private_global=0; IO mode=m_axi:ce=0
Port [ frame_in]:  wired=1; compound=0; hidden=0; nouse=0; global=0; static=0; extern=0; dir=0; type=0; mode=0x7f98c0cd7ee0; pingpong=0; private_global=0; IO mode=ap_none:ce=0
Port [ bounding]:  wired=1; compound=0; hidden=0; nouse=0; global=0; static=0; extern=0; dir=0; type=0; mode=0x7f98c0b438f0; pingpong=0; private_global=0; IO mode=ap_none:ce=0
Port [ featureh]:  wired=1; compound=0; hidden=0; nouse=0; global=0; static=0; extern=0; dir=0; type=0; mode=0x7f98c08b9ec0; pingpong=0; private_global=0; IO mode=ap_none:ce=0
---------------- STG Properties END ------------------

---------------- Datapath Model BEGIN ----------------

<LifeTime>
<method=bitvector/>
featureh_read               (read                ) [ 0010000]
bounding_read               (read                ) [ 0010000]
frame_in_read               (read                ) [ 0010000]
featureh_channel            (alloca              ) [ 0111111]
frame_in_channel            (alloca              ) [ 0111111]
featureHist                 (alloca              ) [ 0011111]
tmp                         (call                ) [ 0000000]
boundingBoxes_3_loc_channel (extractvalue        ) [ 0001100]
boundingBoxes_2_loc_channel (extractvalue        ) [ 0001100]
boundingBoxes_1_loc_channel (extractvalue        ) [ 0001100]
boundingBoxes_0_loc_channel (extractvalue        ) [ 0001100]
stg_20                      (call                ) [ 0000000]
stg_22                      (specbitsmap         ) [ 0000000]
stg_23                      (specbitsmap         ) [ 0000000]
stg_24                      (specdataflowpipeline) [ 0000000]
stg_25                      (spectopmodule       ) [ 0000000]
stg_26                      (specinterface       ) [ 0000000]
stg_27                      (specinterface       ) [ 0000000]
stg_28                      (specinterface       ) [ 0000000]
stg_29                      (specinterface       ) [ 0000000]
stg_30                      (specinterface       ) [ 0000000]
stg_31                      (specinterface       ) [ 0000000]
empty                       (specchannel         ) [ 0000000]
stg_33                      (specinterface       ) [ 0000000]
empty_12                    (specchannel         ) [ 0000000]
stg_35                      (specinterface       ) [ 0000000]
stg_36                      (call                ) [ 0000000]
stg_37                      (ret                 ) [ 0000000]
</LifeTime>

<model>

<comp_list>
<comp id="0" class="1000" name="gmem">
<pin_list>
<pin id="1" dir="1" index="0" bw="1" slack="0"/>
</pin_list>
<bind>
<StgValue><ssdm name="gmem"/></StgValue>
</bind>
</comp>

<comp id="2" class="1000" name="gmem_offset">
<pin_list>
<pin id="3" dir="1" index="0" bw="1" slack="0"/>
</pin_list>
<bind>
<StgValue><ssdm name="gmem_offset"/></StgValue>
</bind>
</comp>

<comp id="4" class="1000" name="frame_in">
<pin_list>
<pin id="5" dir="1" index="0" bw="1" slack="0"/>
</pin_list>
<bind>
<StgValue><ssdm name="frame_in"/></StgValue>
</bind>
</comp>

<comp id="6" class="1000" name="bounding">
<pin_list>
<pin id="7" dir="1" index="0" bw="1" slack="0"/>
</pin_list>
<bind>
<StgValue><ssdm name="bounding"/></StgValue>
</bind>
</comp>

<comp id="8" class="1000" name="featureh">
<pin_list>
<pin id="9" dir="1" index="0" bw="1" slack="0"/>
</pin_list>
<bind>
<StgValue><ssdm name="featureh"/></StgValue>
</bind>
</comp>

<comp id="10" class="1001" name="const_10">
<pin_list>
<pin id="11" dir="1" index="0" bw="1" slack="0"/>
</pin_list>
<bind>
<StgValue><ssdm name="_ssdm_op_Read.s_axilite.i32"/></StgValue>
</bind>
</comp>

<comp id="12" class="1001" name="const_12">
<pin_list>
<pin id="13" dir="1" index="0" bw="1" slack="0"/>
</pin_list>
<bind>
<StgValue><ssdm name=""/></StgValue>
</bind>
</comp>

<comp id="14" class="1001" name="const_14">
<pin_list>
<pin id="15" dir="1" index="0" bw="1" slack="0"/>
</pin_list>
<bind>
<StgValue><ssdm name="feature_Loop_memcpy.boundingBoxes.boun"/></StgValue>
</bind>
</comp>

<comp id="16" class="1001" name="const_16">
<pin_list>
<pin id="17" dir="1" index="0" bw="1" slack="0"/>
</pin_list>
<bind>
<StgValue><ssdm name="feature_Loop_memset_featureHist_proc1"/></StgValue>
</bind>
</comp>

<comp id="18" class="1001" name="const_18">
<pin_list>
<pin id="19" dir="1" index="0" bw="1" slack="0"/>
</pin_list>
<bind>
<StgValue><ssdm name="feature_Loop_memcpy.featureh.featureHi"/></StgValue>
</bind>
</comp>

<comp id="20" class="1001" name="const_20">
<pin_list>
<pin id="21" dir="1" index="0" bw="1" slack="2147483647"/>
</pin_list>
<bind>
<StgValue><ssdm name="_ssdm_op_SpecBitsMap"/></StgValue>
</bind>
</comp>

<comp id="22" class="1001" name="const_22">
<pin_list>
<pin id="23" dir="1" index="0" bw="1" slack="2147483647"/>
</pin_list>
<bind>
<StgValue><ssdm name="_ssdm_op_SpecDataflowPipeline"/></StgValue>
</bind>
</comp>

<comp id="24" class="1001" name="const_24">
<pin_list>
<pin id="25" dir="1" index="0" bw="1" slack="2147483647"/>
</pin_list>
<bind>
<StgValue><ssdm name=""/></StgValue>
</bind>
</comp>

<comp id="26" class="1001" name="const_26">
<pin_list>
<pin id="27" dir="1" index="0" bw="1" slack="2147483647"/>
</pin_list>
<bind>
<StgValue><ssdm name="p_str1807"/></StgValue>
</bind>
</comp>

<comp id="28" class="1001" name="const_28">
<pin_list>
<pin id="29" dir="1" index="0" bw="1" slack="2147483647"/>
</pin_list>
<bind>
<StgValue><ssdm name="_ssdm_op_SpecTopModule"/></StgValue>
</bind>
</comp>

<comp id="30" class="1001" name="const_30">
<pin_list>
<pin id="31" dir="1" index="0" bw="1" slack="2147483647"/>
</pin_list>
<bind>
<StgValue><ssdm name="feature_str"/></StgValue>
</bind>
</comp>

<comp id="32" class="1001" name="const_32">
<pin_list>
<pin id="33" dir="1" index="0" bw="1" slack="2147483647"/>
</pin_list>
<bind>
<StgValue><ssdm name="_ssdm_op_SpecInterface"/></StgValue>
</bind>
</comp>

<comp id="34" class="1001" name="const_34">
<pin_list>
<pin id="35" dir="1" index="0" bw="1" slack="2147483647"/>
</pin_list>
<bind>
<StgValue><ssdm name=""/></StgValue>
</bind>
</comp>

<comp id="36" class="1001" name="const_36">
<pin_list>
<pin id="37" dir="1" index="0" bw="1" slack="2147483647"/>
</pin_list>
<bind>
<StgValue><ssdm name="p_str1805"/></StgValue>
</bind>
</comp>

<comp id="38" class="1001" name="const_38">
<pin_list>
<pin id="39" dir="1" index="0" bw="1" slack="2147483647"/>
</pin_list>
<bind>
<StgValue><ssdm name="p_str1806"/></StgValue>
</bind>
</comp>

<comp id="40" class="1001" name="const_40">
<pin_list>
<pin id="41" dir="1" index="0" bw="1" slack="2147483647"/>
</pin_list>
<bind>
<StgValue><ssdm name="mode3"/></StgValue>
</bind>
</comp>

<comp id="42" class="1001" name="const_42">
<pin_list>
<pin id="43" dir="1" index="0" bw="1" slack="2147483647"/>
</pin_list>
<bind>
<StgValue><ssdm name=""/></StgValue>
</bind>
</comp>

<comp id="44" class="1001" name="const_44">
<pin_list>
<pin id="45" dir="1" index="0" bw="1" slack="2147483647"/>
</pin_list>
<bind>
<StgValue><ssdm name="bundle4"/></StgValue>
</bind>
</comp>

<comp id="46" class="1001" name="const_46">
<pin_list>
<pin id="47" dir="1" index="0" bw="1" slack="2147483647"/>
</pin_list>
<bind>
<StgValue><ssdm name="p_str1809"/></StgValue>
</bind>
</comp>

<comp id="48" class="1001" name="const_48">
<pin_list>
<pin id="49" dir="1" index="0" bw="1" slack="2147483647"/>
</pin_list>
<bind>
<StgValue><ssdm name="p_str1808"/></StgValue>
</bind>
</comp>

<comp id="50" class="1001" name="const_50">
<pin_list>
<pin id="51" dir="1" index="0" bw="1" slack="2147483647"/>
</pin_list>
<bind>
<StgValue><ssdm name=""/></StgValue>
</bind>
</comp>

<comp id="52" class="1001" name="const_52">
<pin_list>
<pin id="53" dir="1" index="0" bw="1" slack="2147483647"/>
</pin_list>
<bind>
<StgValue><ssdm name="mode1"/></StgValue>
</bind>
</comp>

<comp id="54" class="1001" name="const_54">
<pin_list>
<pin id="55" dir="1" index="0" bw="1" slack="2147483647"/>
</pin_list>
<bind>
<StgValue><ssdm name="bundle2"/></StgValue>
</bind>
</comp>

<comp id="56" class="1001" name="const_56">
<pin_list>
<pin id="57" dir="1" index="0" bw="1" slack="2147483647"/>
</pin_list>
<bind>
<StgValue><ssdm name=""/></StgValue>
</bind>
</comp>

<comp id="58" class="1001" name="const_58">
<pin_list>
<pin id="59" dir="1" index="0" bw="1" slack="2147483647"/>
</pin_list>
<bind>
<StgValue><ssdm name="mode"/></StgValue>
</bind>
</comp>

<comp id="60" class="1001" name="const_60">
<pin_list>
<pin id="61" dir="1" index="0" bw="1" slack="2147483647"/>
</pin_list>
<bind>
<StgValue><ssdm name="bundle"/></StgValue>
</bind>
</comp>

<comp id="62" class="1001" name="const_62">
<pin_list>
<pin id="63" dir="1" index="0" bw="1" slack="2147483647"/>
</pin_list>
<bind>
<StgValue><ssdm name="_ssdm_op_SpecChannel"/></StgValue>
</bind>
</comp>

<comp id="64" class="1001" name="const_64">
<pin_list>
<pin id="65" dir="1" index="0" bw="1" slack="2147483647"/>
</pin_list>
<bind>
<StgValue><ssdm name="frame_in_channel_str"/></StgValue>
</bind>
</comp>

<comp id="66" class="1001" name="const_66">
<pin_list>
<pin id="67" dir="1" index="0" bw="1" slack="2147483647"/>
</pin_list>
<bind>
<StgValue><ssdm name=""/></StgValue>
</bind>
</comp>

<comp id="68" class="1001" name="const_68">
<pin_list>
<pin id="69" dir="1" index="0" bw="1" slack="2147483647"/>
</pin_list>
<bind>
<StgValue><ssdm name="p_str"/></StgValue>
</bind>
</comp>

<comp id="70" class="1001" name="const_70">
<pin_list>
<pin id="71" dir="1" index="0" bw="1" slack="2147483647"/>
</pin_list>
<bind>
<StgValue><ssdm name="ap_fifo_str"/></StgValue>
</bind>
</comp>

<comp id="72" class="1001" name="const_72">
<pin_list>
<pin id="73" dir="1" index="0" bw="1" slack="2147483647"/>
</pin_list>
<bind>
<StgValue><ssdm name="featureh_channel_str"/></StgValue>
</bind>
</comp>

<comp id="74" class="1001" name="const_74">
<pin_list>
<pin id="75" dir="1" index="0" bw="1" slack="2147483647"/>
</pin_list>
<bind>
<StgValue><ssdm name=""/></StgValue>
</bind>
</comp>

<comp id="76" class="1004" name="featureh_channel_fu_76">
<pin_list>
<pin id="77" dir="0" index="0" bw="1" slack="0"/>
<pin id="78" dir="1" index="1" bw="32" slack="0"/>
</pin_list>
<bind>
<opcode="alloca(26) " fcode="alloca"/>
<opset="featureh_channel/1 "/>
</bind>
</comp>

<comp id="80" class="1004" name="frame_in_channel_fu_80">
<pin_list>
<pin id="81" dir="0" index="0" bw="1" slack="0"/>
<pin id="82" dir="1" index="1" bw="32" slack="0"/>
</pin_list>
<bind>
<opcode="alloca(26) " fcode="alloca"/>
<opset="frame_in_channel/1 "/>
</bind>
</comp>

<comp id="84" class="1004" name="featureHist_alloca_fu_84">
<pin_list>
<pin id="85" dir="0" index="0" bw="1" slack="0"/>
<pin id="86" dir="1" index="1" bw="16" slack="2147483647"/>
</pin_list>
<bind>
<opcode="alloca(26) " fcode="alloca"/>
<opset="featureHist/1 "/>
</bind>
</comp>

<comp id="88" class="1004" name="featureh_read_read_fu_88">
<pin_list>
<pin id="89" dir="0" index="0" bw="32" slack="0"/>
<pin id="90" dir="0" index="1" bw="32" slack="0"/>
<pin id="91" dir="1" index="2" bw="32" slack="0"/>
</pin_list>
<bind>
<opcode="read(1150) " fcode="read"/>
<opset="featureh_read/1 "/>
</bind>
</comp>

<comp id="94" class="1004" name="bounding_read_read_fu_94">
<pin_list>
<pin id="95" dir="0" index="0" bw="32" slack="0"/>
<pin id="96" dir="0" index="1" bw="32" slack="0"/>
<pin id="97" dir="1" index="2" bw="32" slack="0"/>
</pin_list>
<bind>
<opcode="read(1150) " fcode="read"/>
<opset="bounding_read/1 "/>
</bind>
</comp>

<comp id="100" class="1004" name="frame_in_read_read_fu_100">
<pin_list>
<pin id="101" dir="0" index="0" bw="32" slack="0"/>
<pin id="102" dir="0" index="1" bw="32" slack="0"/>
<pin id="103" dir="1" index="2" bw="32" slack="0"/>
</pin_list>
<bind>
<opcode="read(1150) " fcode="read"/>
<opset="frame_in_read/1 "/>
</bind>
</comp>

<comp id="106" class="1004" name="grp_feature_Loop_memset_featureHist_proc1_fu_106">
<pin_list>
<pin id="107" dir="0" index="0" bw="0" slack="0"/>
<pin id="108" dir="0" index="1" bw="16" slack="2147483647"/>
<pin id="109" dir="0" index="2" bw="8" slack="0"/>
<pin id="110" dir="0" index="3" bw="32" slack="2"/>
<pin id="111" dir="0" index="4" bw="16" slack="1"/>
<pin id="112" dir="0" index="5" bw="16" slack="1"/>
<pin id="113" dir="0" index="6" bw="16" slack="1"/>
<pin id="114" dir="0" index="7" bw="16" slack="1"/>
<pin id="115" dir="1" index="8" bw="0" slack="2147483647"/>
</pin_list>
<bind>
<opcode="call(48) " fcode="call"/>
<opset="stg_19/3 "/>
</bind>
</comp>

<comp id="118" class="1004" name="grp_feature_Loop_memcpy_boundingBoxes_boun_fu_118">
<pin_list>
<pin id="119" dir="0" index="0" bw="64" slack="0"/>
<pin id="120" dir="0" index="1" bw="16" slack="0"/>
<pin id="121" dir="0" index="2" bw="32" slack="0"/>
<pin id="122" dir="0" index="3" bw="32" slack="0"/>
<pin id="123" dir="0" index="4" bw="32" slack="0"/>
<pin id="124" dir="0" index="5" bw="32" slack="0"/>
<pin id="125" dir="0" index="6" bw="32" slack="0"/>
<pin id="126" dir="1" index="7" bw="64" slack="0"/>
</pin_list>
<bind>
<opcode="call(48) " fcode="call"/>
<opset="tmp/1 "/>
</bind>
</comp>

<comp id="132" class="1004" name="grp_feature_Loop_memcpy_featureh_featureHi_fu_132">
<pin_list>
<pin id="133" dir="0" index="0" bw="0" slack="0"/>
<pin id="134" dir="0" index="1" bw="16" slack="0"/>
<pin id="135" dir="0" index="2" bw="32" slack="4"/>
<pin id="136" dir="0" index="3" bw="16" slack="2147483647"/>
<pin id="137" dir="1" index="4" bw="0" slack="2147483647"/>
</pin_list>
<bind>
<opcode="call(48) " fcode="call"/>
<opset="stg_21/5 "/>
</bind>
</comp>

<comp id="140" class="1004" name="boundingBoxes_3_loc_channel_fu_140">
<pin_list>
<pin id="141" dir="0" index="0" bw="64" slack="0"/>
<pin id="142" dir="1" index="1" bw="16" slack="1"/>
</pin_list>
<bind>
<opcode="extractvalue(56) " fcode="extractvalue"/>
<opset="boundingBoxes_3_loc_channel/2 "/>
</bind>
</comp>

<comp id="144" class="1004" name="boundingBoxes_2_loc_channel_fu_144">
<pin_list>
<pin id="145" dir="0" index="0" bw="64" slack="0"/>
<pin id="146" dir="1" index="1" bw="16" slack="1"/>
</pin_list>
<bind>
<opcode="extractvalue(56) " fcode="extractvalue"/>
<opset="boundingBoxes_2_loc_channel/2 "/>
</bind>
</comp>

<comp id="148" class="1004" name="boundingBoxes_1_loc_channel_fu_148">
<pin_list>
<pin id="149" dir="0" index="0" bw="64" slack="0"/>
<pin id="150" dir="1" index="1" bw="16" slack="1"/>
</pin_list>
<bind>
<opcode="extractvalue(56) " fcode="extractvalue"/>
<opset="boundingBoxes_1_loc_channel/2 "/>
</bind>
</comp>

<comp id="152" class="1004" name="boundingBoxes_0_loc_channel_fu_152">
<pin_list>
<pin id="153" dir="0" index="0" bw="64" slack="0"/>
<pin id="154" dir="1" index="1" bw="16" slack="1"/>
</pin_list>
<bind>
<opcode="extractvalue(56) " fcode="extractvalue"/>
<opset="boundingBoxes_0_loc_channel/2 "/>
</bind>
</comp>

<comp id="156" class="1005" name="featureh_read_reg_156">
<pin_list>
<pin id="157" dir="0" index="0" bw="32" slack="1"/>
<pin id="158" dir="1" index="1" bw="32" slack="1"/>
</pin_list>
<bind>
<opset="featureh_read "/>
</bind>
</comp>

<comp id="161" class="1005" name="bounding_read_reg_161">
<pin_list>
<pin id="162" dir="0" index="0" bw="32" slack="1"/>
<pin id="163" dir="1" index="1" bw="32" slack="1"/>
</pin_list>
<bind>
<opset="bounding_read "/>
</bind>
</comp>

<comp id="166" class="1005" name="frame_in_read_reg_166">
<pin_list>
<pin id="167" dir="0" index="0" bw="32" slack="1"/>
<pin id="168" dir="1" index="1" bw="32" slack="1"/>
</pin_list>
<bind>
<opset="frame_in_read "/>
</bind>
</comp>

<comp id="171" class="1005" name="featureh_channel_reg_171">
<pin_list>
<pin id="172" dir="0" index="0" bw="32" slack="0"/>
<pin id="173" dir="1" index="1" bw="32" slack="0"/>
</pin_list>
<bind>
<opset="featureh_channel "/>
</bind>
</comp>

<comp id="177" class="1005" name="frame_in_channel_reg_177">
<pin_list>
<pin id="178" dir="0" index="0" bw="32" slack="0"/>
<pin id="179" dir="1" index="1" bw="32" slack="0"/>
</pin_list>
<bind>
<opset="frame_in_channel "/>
</bind>
</comp>

<comp id="183" class="1005" name="boundingBoxes_3_loc_channel_reg_183">
<pin_list>
<pin id="184" dir="0" index="0" bw="16" slack="1"/>
<pin id="185" dir="1" index="1" bw="16" slack="1"/>
</pin_list>
<bind>
<opset="boundingBoxes_3_loc_channel "/>
</bind>
</comp>

<comp id="188" class="1005" name="boundingBoxes_2_loc_channel_reg_188">
<pin_list>
<pin id="189" dir="0" index="0" bw="16" slack="1"/>
<pin id="190" dir="1" index="1" bw="16" slack="1"/>
</pin_list>
<bind>
<opset="boundingBoxes_2_loc_channel "/>
</bind>
</comp>

<comp id="193" class="1005" name="boundingBoxes_1_loc_channel_reg_193">
<pin_list>
<pin id="194" dir="0" index="0" bw="16" slack="1"/>
<pin id="195" dir="1" index="1" bw="16" slack="1"/>
</pin_list>
<bind>
<opset="boundingBoxes_1_loc_channel "/>
</bind>
</comp>

<comp id="198" class="1005" name="boundingBoxes_0_loc_channel_reg_198">
<pin_list>
<pin id="199" dir="0" index="0" bw="16" slack="1"/>
<pin id="200" dir="1" index="1" bw="16" slack="1"/>
</pin_list>
<bind>
<opset="boundingBoxes_0_loc_channel "/>
</bind>
</comp>

</comp_list>

<net_list>
<net id="79"><net_src comp="12" pin="0"/><net_sink comp="76" pin=0"/></net>

<net id="83"><net_src comp="12" pin="0"/><net_sink comp="80" pin=0"/></net>

<net id="87"><net_src comp="12" pin="0"/><net_sink comp="84" pin=0"/></net>

<net id="92"><net_src comp="10" pin="0"/><net_sink comp="88" pin=0"/></net>

<net id="93"><net_src comp="8" pin="0"/><net_sink comp="88" pin=1"/></net>

<net id="98"><net_src comp="10" pin="0"/><net_sink comp="94" pin=0"/></net>

<net id="99"><net_src comp="6" pin="0"/><net_sink comp="94" pin=1"/></net>

<net id="104"><net_src comp="10" pin="0"/><net_sink comp="100" pin=0"/></net>

<net id="105"><net_src comp="4" pin="0"/><net_sink comp="100" pin=1"/></net>

<net id="116"><net_src comp="16" pin="0"/><net_sink comp="106" pin=0"/></net>

<net id="117"><net_src comp="0" pin="0"/><net_sink comp="106" pin=2"/></net>

<net id="127"><net_src comp="14" pin="0"/><net_sink comp="118" pin=0"/></net>

<net id="128"><net_src comp="2" pin="0"/><net_sink comp="118" pin=1"/></net>

<net id="129"><net_src comp="94" pin="2"/><net_sink comp="118" pin=2"/></net>

<net id="130"><net_src comp="100" pin="2"/><net_sink comp="118" pin=3"/></net>

<net id="131"><net_src comp="88" pin="2"/><net_sink comp="118" pin=4"/></net>

<net id="138"><net_src comp="18" pin="0"/><net_sink comp="132" pin=0"/></net>

<net id="139"><net_src comp="2" pin="0"/><net_sink comp="132" pin=1"/></net>

<net id="143"><net_src comp="118" pin="7"/><net_sink comp="140" pin=0"/></net>

<net id="147"><net_src comp="118" pin="7"/><net_sink comp="144" pin=0"/></net>

<net id="151"><net_src comp="118" pin="7"/><net_sink comp="148" pin=0"/></net>

<net id="155"><net_src comp="118" pin="7"/><net_sink comp="152" pin=0"/></net>

<net id="159"><net_src comp="88" pin="2"/><net_sink comp="156" pin=0"/></net>

<net id="160"><net_src comp="156" pin="1"/><net_sink comp="118" pin=4"/></net>

<net id="164"><net_src comp="94" pin="2"/><net_sink comp="161" pin=0"/></net>

<net id="165"><net_src comp="161" pin="1"/><net_sink comp="118" pin=2"/></net>

<net id="169"><net_src comp="100" pin="2"/><net_sink comp="166" pin=0"/></net>

<net id="170"><net_src comp="166" pin="1"/><net_sink comp="118" pin=3"/></net>

<net id="174"><net_src comp="76" pin="1"/><net_sink comp="171" pin=0"/></net>

<net id="175"><net_src comp="171" pin="1"/><net_sink comp="118" pin=6"/></net>

<net id="176"><net_src comp="171" pin="1"/><net_sink comp="132" pin=2"/></net>

<net id="180"><net_src comp="80" pin="1"/><net_sink comp="177" pin=0"/></net>

<net id="181"><net_src comp="177" pin="1"/><net_sink comp="118" pin=5"/></net>

<net id="182"><net_src comp="177" pin="1"/><net_sink comp="106" pin=3"/></net>

<net id="186"><net_src comp="140" pin="1"/><net_sink comp="183" pin=0"/></net>

<net id="187"><net_src comp="183" pin="1"/><net_sink comp="106" pin=5"/></net>

<net id="191"><net_src comp="144" pin="1"/><net_sink comp="188" pin=0"/></net>

<net id="192"><net_src comp="188" pin="1"/><net_sink comp="106" pin=6"/></net>

<net id="196"><net_src comp="148" pin="1"/><net_sink comp="193" pin=0"/></net>

<net id="197"><net_src comp="193" pin="1"/><net_sink comp="106" pin=7"/></net>

<net id="201"><net_src comp="152" pin="1"/><net_sink comp="198" pin=0"/></net>

<net id="202"><net_src comp="198" pin="1"/><net_sink comp="106" pin=4"/></net>

</net_list>

</model> 
---------------- Datapath Model END ------------------

* FSMD analyzer results:
  - Output states:
	Port: gmem_offset | {5 6 }
  - Chain level:
	State 1
		tmp : 1
	State 2
		boundingBoxes_3_loc_channel : 1
		boundingBoxes_2_loc_channel : 1
		boundingBoxes_1_loc_channel : 1
		boundingBoxes_0_loc_channel : 1
	State 3
	State 4
	State 5
	State 6


============================================================
+ Verbose Summary: Datapath Resource usage 
============================================================

* Functional unit list:
|----------|---------------------------------------------------|---------|---------|---------|---------|---------|
| Operation|                  Functional Unit                  |   BRAM  |  DSP48E |  Delay  |    FF   |   LUT   |
|----------|---------------------------------------------------|---------|---------|---------|---------|---------|
|          |  grp_feature_Loop_memset_featureHist_proc1_fu_106 |    1    |    1    |  21.145 |   1309  |   961   |
|   call   | grp_feature_Loop_memcpy_boundingBoxes_boun_fu_118 |    0    |    0    |  7.855  |   172   |   201   |
|          | grp_feature_Loop_memcpy_featureh_featureHi_fu_132 |    0    |    0    |  4.713  |    62   |    39   |
|----------|---------------------------------------------------|---------|---------|---------|---------|---------|
|          |              featureh_read_read_fu_88             |    0    |    0    |    0    |    0    |    0    |
|   read   |              bounding_read_read_fu_94             |    0    |    0    |    0    |    0    |    0    |
|          |             frame_in_read_read_fu_100             |    0    |    0    |    0    |    0    |    0    |
|----------|---------------------------------------------------|---------|---------|---------|---------|---------|
|          |         boundingBoxes_3_loc_channel_fu_140        |    0    |    0    |    0    |    0    |    0    |
|extractvalue|         boundingBoxes_2_loc_channel_fu_144        |    0    |    0    |    0    |    0    |    0    |
|          |         boundingBoxes_1_loc_channel_fu_148        |    0    |    0    |    0    |    0    |    0    |
|          |         boundingBoxes_0_loc_channel_fu_152        |    0    |    0    |    0    |    0    |    0    |
|----------|---------------------------------------------------|---------|---------|---------|---------|---------|
|   Total  |                                                   |    1    |    1    |  33.713 |   1543  |   1201  |
|----------|---------------------------------------------------|---------|---------|---------|---------|---------|

Memories:
+-----------+--------+--------+--------+
|           |  BRAM  |   FF   |   LUT  |
+-----------+--------+--------+--------+
|featureHist|    2   |    0   |    0   |
+-----------+--------+--------+--------+
|   Total   |    2   |    0   |    0   |
+-----------+--------+--------+--------+

* Register list:
+-----------------------------------+--------+
|                                   |   FF   |
+-----------------------------------+--------+
|boundingBoxes_0_loc_channel_reg_198|   16   |
|boundingBoxes_1_loc_channel_reg_193|   16   |
|boundingBoxes_2_loc_channel_reg_188|   16   |
|boundingBoxes_3_loc_channel_reg_183|   16   |
|       bounding_read_reg_161       |   32   |
|      featureh_channel_reg_171     |   32   |
|       featureh_read_reg_156       |   32   |
|      frame_in_channel_reg_177     |   32   |
|       frame_in_read_reg_166       |   32   |
+-----------------------------------+--------+
|               Total               |   224  |
+-----------------------------------+--------+

* Multiplexer (MUX) list: 
|---------------------------------------------------|------|------|------|--------||---------||---------|
|                        Comp                       |  Pin | Size |  BW  | S x BW ||  Delay  ||   LUT   |
|---------------------------------------------------|------|------|------|--------||---------||---------|
| grp_feature_Loop_memcpy_boundingBoxes_boun_fu_118 |  p2  |   2  |  32  |   64   ||    32   |
| grp_feature_Loop_memcpy_boundingBoxes_boun_fu_118 |  p3  |   2  |  32  |   64   ||    32   |
| grp_feature_Loop_memcpy_boundingBoxes_boun_fu_118 |  p4  |   2  |  32  |   64   ||    32   |
|---------------------------------------------------|------|------|------|--------||---------||---------|
|                       Total                       |      |      |      |   192  ||  4.713  ||    96   |
|---------------------------------------------------|------|------|------|--------||---------||---------|



* Summary:
+-----------+--------+--------+--------+--------+--------+
|           |  BRAM  | DSP48E |  Delay |   FF   |   LUT  |
+-----------+--------+--------+--------+--------+--------+
|  Function |    1   |    1   |   33   |  1543  |  1201  |
|   Memory  |    2   |    -   |    -   |    0   |    0   |
|Multiplexer|    -   |    -   |    4   |    -   |   96   |
|  Register |    -   |    -   |    -   |   224  |    -   |
+-----------+--------+--------+--------+--------+--------+
|   Total   |    3   |    1   |   38   |  1767  |  1297  |
+-----------+--------+--------+--------+--------+--------+
